<html>
<body>
<pre>
<h1>µVision Build Log</h1>
<h2>Project:</h2>
I:\Win\Desktop\ECE 353\ECE353-S16-Project\ECE353-S16-Project.uvprojx
Project File Date:  05/05/2016

<h2>Output:</h2>
Rebuild target 'ECE353-S16-Project'
compiling main.c...
compiling interrupts.c...
compiling adc.c...
compiling eeprom.c...
compiling fonts.c...
compiling gpio_port.c...
compiling i2c.c...
..\drivers\i2c.c(380): warning:  #1-D: last line of file ends without a newline
  }
..\drivers\i2c.c: 1 warning, 0 errors
compiling lcd.c...
..\drivers\lcd.c(44): warning:  #177-D: function "lcd_assert_reset" was declared but never referenced
  __INLINE static void lcd_assert_reset(void)
..\drivers\lcd.c: 1 warning, 0 errors
compiling pc_buffer.c...
compiling spi.c...
compiling timers.c...
compiling uart_irqs.c...
compiling wireless.c...
assembling startup_TM4C123.s...
compiling system_TM4C123.c...
linking...
Program Size: Code=17452 RO-data=3880 RW-data=112 ZI-data=2728  
".\obj\ece353_base_project.axf" - 0 Error(s), 2 Warning(s).

<h2>Software Packages used:</h2>

Package Vendor: ARM
                http://www.keil.com/pack/ARM.CMSIS.4.1.1.pack
                ARM::CMSIS:CORE:3.30.0
                CMSIS (Cortex Microcontroller Software Interface Standard)
   * Component: CORE Version: 3.30.0

Package Vendor: Keil
                http://www.keil.com/pack/Keil.TM4C_DFP.1.0.0.pack
                Keil::Device:Startup:1.0.0
                Texas Instruments Tiva C Series Device Support and Examples
   * Component: Startup Version: 1.0.0

<h2>Collection of Component include folders:</h2>
  I:\Win\Desktop\ECE 353\ECE353-S16-Project\RTE
  C:\AppV\mdk_510\ARM\PACK\ARM\CMSIS\4.1.1\CMSIS\Include
  C:\AppV\mdk_510\ARM\PACK\Keil\TM4C_DFP\1.0.0\Device\Include\TM4C123

<h2>Collection of Component Files used:</h2>

   * Component: ARM::CMSIS:CORE:3.30.0
      Source file:   CMSIS\UserCodeTemplates\ARM\ITM_Retarget.c

   * Component: Keil::Device:Startup:1.0.0
      Include file:  Device\Include\TM4C123\TM4C123.h
      Source file:   Device\Source\ARM\startup_TM4C123.s
      Source file:   Device\Source\system_TM4C123.c
Load "I:\\Win\\Desktop\\ECE 353\\ECE353-S16-Project\\obj\\ece353_base_project.axf" 
Connecting: Mode=JTAG, Speed=1000000Hz
Erase Done.
Programming Done.
Verify OK.
</pre>
</body>
</html>
