Product: MDK-ARM Lite 5.10
Component: ARM Compiler 5.04 update 1 (build 49)
Tool: armlink [5040049]

==============================================================================

Section Cross References

    main.o(.text) refers to _scanf_str.o(.text) for _scanf_string
    main.o(.text) refers to i2c.o(.text) for i2cSetSlaveAddr
    main.o(.text) refers to memcpya.o(.text) for __aeabi_memcpy4
    main.o(.text) refers to eeprom.o(.text) for eeprom_byte_read
    main.o(.text) refers to gpio_port.o(.text) for gpio_enable_port
    main.o(.text) refers to wireless.o(.text) for wireless_initialize
    main.o(.text) refers to timers.o(.text) for project_timers_init
    main.o(.text) refers to uart_irqs.o(.text) for initialize_uart
    main.o(.text) refers to adc.o(.text) for project_adc_init
    main.o(.text) refers to lcd.o(.text) for lcd_pins_init
    main.o(.text) refers to memseta.o(.text) for __aeabi_memclr4
    main.o(.text) refers to printf8.o(i.__0printf$8) for __2printf
    main.o(.text) refers to printfa.o(i.__0printf) for __c89printf
    main.o(.text) refers to __0scanf.o(.text) for __0scanf
    main.o(.text) refers to main.o(.constdata) for .constdata
    main.o(.text) refers to interrupts.o(.data) for ALERT_5_MS
    main.o(.text) refers to main.o(.bss) for output
    main.o(.text) refers to main.o(.data) for n1
    main.o(.data) refers to main.o(.conststring) for .conststring
    interrupts.o(.text) refers to pc_buffer.o(.text) for pc_buffer_add
    interrupts.o(.text) refers to interrupts.o(.data) for BTNU_time
    interrupts.o(.text) refers to main.o(.bss) for UART0_Rx_Buffer
    eeprom.o(.text) refers to i2c.o(.text) for i2cVerifyBaseAddr
    eeprom.o(.text) refers to printf8.o(i.__0printf$8) for __2printf
    eeprom.o(.text) refers to rand.o(.text) for rand
    lcd.o(.text) refers to spi.o(.text) for spiTx
    lcd.o(.text) refers to gpio_port.o(.text) for gpio_enable_port
    lcd.o(.text) refers to fonts.o(.constdata) for courierNew_10ptBitmaps
    pc_buffer.o(.text) refers to malloc.o(i.malloc) for malloc
    uart_irqs.o(.text) refers to pc_buffer.o(.text) for pc_buffer_init
    uart_irqs.o(.text) refers to main.o(.text) for DisableInterrupts
    uart_irqs.o(.text) refers to errno.o(i.__aeabi_errno_addr) for __aeabi_errno_addr
    uart_irqs.o(.text) refers to main.o(.bss) for UART0_Tx_Buffer
    uart_irqs.o(.text) refers to stdout.o(.data) for __stdout
    uart_irqs.o(.text) refers to stdin.o(.data) for __stdin
    wireless.o(.text) refers to spi.o(.text) for spiTx
    wireless.o(.text) refers to gpio_port.o(.text) for gpio_enable_port
    wireless.o(.text) refers to printf8.o(i.__0printf$8) for __2printf
    startup_tm4c123.o(RESET) refers to startup_tm4c123.o(STACK) for __initial_sp
    startup_tm4c123.o(RESET) refers to startup_tm4c123.o(.text) for Reset_Handler
    startup_tm4c123.o(RESET) refers to interrupts.o(.text) for SysTick_Handler
    startup_tm4c123.o(.text) refers to system_tm4c123.o(.text) for SystemInit
    startup_tm4c123.o(.text) refers to entry.o(.ARM.Collect$$$$00000000) for __main
    system_tm4c123.o(.text) refers to system_tm4c123.o(.data) for SystemCoreClock
    entry.o(.ARM.Collect$$$$00000000) refers (Special) to entry10a.o(.ARM.Collect$$$$0000000D) for __rt_final_cpp
    entry.o(.ARM.Collect$$$$00000000) refers (Special) to entry11a.o(.ARM.Collect$$$$0000000F) for __rt_final_exit
    entry.o(.ARM.Collect$$$$00000000) refers (Special) to entry7b.o(.ARM.Collect$$$$00000008) for _main_clock
    entry.o(.ARM.Collect$$$$00000000) refers (Special) to entry8b.o(.ARM.Collect$$$$0000000A) for _main_cpp_init
    entry.o(.ARM.Collect$$$$00000000) refers (Special) to entry9a.o(.ARM.Collect$$$$0000000B) for _main_init
    entry.o(.ARM.Collect$$$$00000000) refers (Special) to entry5.o(.ARM.Collect$$$$00000004) for _main_scatterload
    entry.o(.ARM.Collect$$$$00000000) refers (Special) to entry2.o(.ARM.Collect$$$$00000001) for _main_stk
    rand.o(.text) refers to rand.o(.data) for .data
    printfb.o(i.__0fprintf$bare) refers to printfb.o(i._printf_core) for _printf_core
    printfb.o(i.__0fprintf$bare) refers to uart_irqs.o(.text) for fputc
    printfb.o(i.__0printf$bare) refers to printfb.o(i._printf_core) for _printf_core
    printfb.o(i.__0printf$bare) refers to uart_irqs.o(.text) for fputc
    printfb.o(i.__0printf$bare) refers to stdout.o(.data) for __stdout
    printfb.o(i.__0snprintf$bare) refers to printfb.o(i._printf_core) for _printf_core
    printfb.o(i.__0snprintf$bare) refers to printfb.o(i._snputc) for _snputc
    printfb.o(i.__0sprintf$bare) refers to printfb.o(i._printf_core) for _printf_core
    printfb.o(i.__0sprintf$bare) refers to printfb.o(i._sputc) for _sputc
    printfb.o(i.__0vfprintf$bare) refers to printfb.o(i._printf_core) for _printf_core
    printfb.o(i.__0vfprintf$bare) refers to uart_irqs.o(.text) for fputc
[...]
    printf1.o(i.__0snprintf$1) refers to printf1.o(i._snputc) for _snputc
    printf1.o(i.__0sprintf$1) refers to printf1.o(i._printf_core) for _printf_core
    printf1.o(i.__0sprintf$1) refers to printf1.o(i._sputc) for _sputc
    printf1.o(i.__0vfprintf$1) refers to printf1.o(i._printf_core) for _printf_core
    printf1.o(i.__0vfprintf$1) refers to uart_irqs.o(.text) for fputc
    printf1.o(i.__0vprintf$1) refers to printf1.o(i._printf_core) for _printf_core
    printf1.o(i.__0vprintf$1) refers to uart_irqs.o(.text) for fputc
    printf1.o(i.__0vprintf$1) refers to stdout.o(.data) for __stdout
    printf1.o(i.__0vsnprintf$1) refers to printf1.o(i._printf_core) for _printf_core
    printf1.o(i.__0vsnprintf$1) refers to printf1.o(i._snputc) for _snputc
    printf1.o(i.__0vsprintf$1) refers to printf1.o(i._printf_core) for _printf_core
    printf1.o(i.__0vsprintf$1) refers to printf1.o(i._sputc) for _sputc
    printf1.o(i._printf_core) refers to uidiv.o(.text) for __aeabi_uidivmod
    printf2.o(i.__0fprintf$2) refers to printf2.o(i._printf_core) for _printf_core
    printf2.o(i.__0fprintf$2) refers to uart_irqs.o(.text) for fputc
    printf2.o(i.__0printf$2) refers to printf2.o(i._printf_core) for _printf_core
    printf2.o(i.__0printf$2) refers to uart_irqs.o(.text) for fputc
    printf2.o(i.__0printf$2) refers to stdout.o(.data) for __stdout
    printf2.o(i.__0snprintf$2) refers to printf2.o(i._printf_core) for _printf_core
    printf2.o(i.__0snprintf$2) refers to printf2.o(i._snputc) for _snputc
    printf2.o(i.__0sprintf$2) refers to printf2.o(i._printf_core) for _printf_core
    printf2.o(i.__0sprintf$2) refers to printf2.o(i._sputc) for _sputc
    printf2.o(i.__0vfprintf$2) refers to printf2.o(i._printf_core) for _printf_core
    printf2.o(i.__0vfprintf$2) refers to uart_irqs.o(.text) for fputc
    printf2.o(i.__0vprintf$2) refers to printf2.o(i._printf_core) for _printf_core
    printf2.o(i.__0vprintf$2) refers to uart_irqs.o(.text) for fputc
    printf2.o(i.__0vprintf$2) refers to stdout.o(.data) for __stdout
    printf2.o(i.__0vsnprintf$2) refers to printf2.o(i._printf_core) for _printf_core
    printf2.o(i.__0vsnprintf$2) refers to printf2.o(i._snputc) for _snputc
    printf2.o(i.__0vsprintf$2) refers to printf2.o(i._printf_core) for _printf_core
    printf2.o(i.__0vsprintf$2) refers to printf2.o(i._sputc) for _sputc
    printf3.o(i.__0fprintf$3) refers to printf3.o(i._printf_core) for _printf_core
    printf3.o(i.__0fprintf$3) refers to uart_irqs.o(.text) for fputc
    printf3.o(i.__0printf$3) refers to printf3.o(i._printf_core) for _printf_core
    printf3.o(i.__0printf$3) refers to uart_irqs.o(.text) for fputc
    printf3.o(i.__0printf$3) refers to stdout.o(.data) for __stdout
    printf3.o(i.__0snprintf$3) refers to printf3.o(i._printf_core) for _printf_core
    printf3.o(i.__0snprintf$3) refers to printf3.o(i._snputc) for _snputc
    printf3.o(i.__0sprintf$3) refers to printf3.o(i._printf_core) for _printf_core
    printf3.o(i.__0sprintf$3) refers to printf3.o(i._sputc) for _sputc
    printf3.o(i.__0vfprintf$3) refers to printf3.o(i._printf_core) for _printf_core
    printf3.o(i.__0vfprintf$3) refers to uart_irqs.o(.text) for fputc
    printf3.o(i.__0vprintf$3) refers to printf3.o(i._printf_core) for _printf_core
    printf3.o(i.__0vprintf$3) refers to uart_irqs.o(.text) for fputc
    printf3.o(i.__0vprintf$3) refers to stdout.o(.data) for __stdout
    printf3.o(i.__0vsnprintf$3) refers to printf3.o(i._printf_core) for _printf_core
    printf3.o(i.__0vsnprintf$3) refers to printf3.o(i._snputc) for _snputc
    printf3.o(i.__0vsprintf$3) refers to printf3.o(i._printf_core) for _printf_core
    printf3.o(i.__0vsprintf$3) refers to printf3.o(i._sputc) for _sputc
    printf3.o(i._printf_core) refers to uidiv.o(.text) for __aeabi_uidivmod
    printf4.o(i.__0fprintf$4) refers to printf4.o(i._printf_core) for _printf_core
    printf4.o(i.__0fprintf$4) refers to uart_irqs.o(.text) for fputc
    printf4.o(i.__0printf$4) refers to printf4.o(i._printf_core) for _printf_core
    printf4.o(i.__0printf$4) refers to uart_irqs.o(.text) for fputc
    printf4.o(i.__0printf$4) refers to stdout.o(.data) for __stdout
    printf4.o(i.__0snprintf$4) refers to printf4.o(i._printf_core) for _printf_core
    printf4.o(i.__0snprintf$4) refers to printf4.o(i._snputc) for _snputc
    printf4.o(i.__0sprintf$4) refers to printf4.o(i._printf_core) for _printf_core
    printf4.o(i.__0sprintf$4) refers to printf4.o(i._sputc) for _sputc
    printf4.o(i.__0vfprintf$4) refers to printf4.o(i._printf_core) for _printf_core
    printf4.o(i.__0vfprintf$4) refers to uart_irqs.o(.text) for fputc
    printf4.o(i.__0vprintf$4) refers to printf4.o(i._printf_core) for _printf_core
    printf4.o(i.__0vprintf$4) refers to uart_irqs.o(.text) for fputc
    printf4.o(i.__0vprintf$4) refers to stdout.o(.data) for __stdout
    printf4.o(i.__0vsnprintf$4) refers to printf4.o(i._printf_core) for _printf_core
    printf4.o(i.__0vsnprintf$4) refers to printf4.o(i._snputc) for _snputc
    printf4.o(i.__0vsprintf$4) refers to printf4.o(i._printf_core) for _printf_core
    printf4.o(i.__0vsprintf$4) refers to printf4.o(i._sputc) for _sputc
    printf4.o(i._printf_core) refers to uldiv.o(.text) for __aeabi_uldivmod
    printf5.o(i.__0fprintf$5) refers to printf5.o(i._printf_core) for _printf_core
    printf5.o(i.__0fprintf$5) refers to uart_irqs.o(.text) for fputc
    printf5.o(i.__0printf$5) refers to printf5.o(i._printf_core) for _printf_core
    printf5.o(i.__0printf$5) refers to uart_irqs.o(.text) for fputc
    printf5.o(i.__0printf$5) refers to stdout.o(.data) for __stdout
    printf5.o(i.__0snprintf$5) refers to printf5.o(i._printf_core) for _printf_core
    printf5.o(i.__0snprintf$5) refers to printf5.o(i._snputc) for _snputc
    printf5.o(i.__0sprintf$5) refers to printf5.o(i._printf_core) for _printf_core
    printf5.o(i.__0sprintf$5) refers to printf5.o(i._sputc) for _sputc
    printf5.o(i.__0vfprintf$5) refers to printf5.o(i._printf_core) for _printf_core
    printf5.o(i.__0vfprintf$5) refers to uart_irqs.o(.text) for fputc
    printf5.o(i.__0vprintf$5) refers to printf5.o(i._printf_core) for _printf_core
    printf5.o(i.__0vprintf$5) refers to uart_irqs.o(.text) for fputc
    printf5.o(i.__0vprintf$5) refers to stdout.o(.data) for __stdout
    printf5.o(i.__0vsnprintf$5) refers to printf5.o(i._printf_core) for _printf_core
    printf5.o(i.__0vsnprintf$5) refers to printf5.o(i._snputc) for _snputc
    printf5.o(i.__0vsprintf$5) refers to printf5.o(i._printf_core) for _printf_core
    printf5.o(i.__0vsprintf$5) refers to printf5.o(i._sputc) for _sputc
    printf5.o(i._printf_core) refers to uldiv.o(.text) for __aeabi_uldivmod
    printf6.o(i.__0fprintf$6) refers to printf6.o(i._printf_core) for _printf_core
    printf6.o(i.__0fprintf$6) refers to uart_irqs.o(.text) for fputc
    printf6.o(i.__0printf$6) refers to printf6.o(i._printf_core) for _printf_core
    printf6.o(i.__0printf$6) refers to uart_irqs.o(.text) for fputc
    printf6.o(i.__0printf$6) refers to stdout.o(.data) for __stdout
    printf6.o(i.__0snprintf$6) refers to printf6.o(i._printf_core) for _printf_core
    printf6.o(i.__0snprintf$6) refers to printf6.o(i._snputc) for _snputc
    printf6.o(i.__0sprintf$6) refers to printf6.o(i._printf_core) for _printf_core
    printf6.o(i.__0sprintf$6) refers to printf6.o(i._sputc) for _sputc
    printf6.o(i.__0vfprintf$6) refers to printf6.o(i._printf_core) for _printf_core
    printf6.o(i.__0vfprintf$6) refers to uart_irqs.o(.text) for fputc
    printf6.o(i.__0vprintf$6) refers to printf6.o(i._printf_core) for _printf_core
    printf6.o(i.__0vprintf$6) refers to uart_irqs.o(.text) for fputc
    printf6.o(i.__0vprintf$6) refers to stdout.o(.data) for __stdout
    printf6.o(i.__0vsnprintf$6) refers to printf6.o(i._printf_core) for _printf_core
    printf6.o(i.__0vsnprintf$6) refers to printf6.o(i._snputc) for _snputc
    printf6.o(i.__0vsprintf$6) refers to printf6.o(i._printf_core) for _printf_core
    printf6.o(i.__0vsprintf$6) refers to printf6.o(i._sputc) for _sputc
    printf6.o(i._printf_core) refers to printf6.o(i._printf_pre_padding) for _printf_pre_padding
    printf6.o(i._printf_core) refers to uidiv.o(.text) for __aeabi_uidivmod
    printf6.o(i._printf_core) refers to printf6.o(i._printf_post_padding) for _printf_post_padding
    printf7.o(i.__0fprintf$7) refers to printf7.o(i._printf_core) for _printf_core
    printf7.o(i.__0fprintf$7) refers to uart_irqs.o(.text) for fputc
    printf7.o(i.__0printf$7) refers to printf7.o(i._printf_core) for _printf_core
    printf7.o(i.__0printf$7) refers to uart_irqs.o(.text) for fputc
    printf7.o(i.__0printf$7) refers to stdout.o(.data) for __stdout
    printf7.o(i.__0snprintf$7) refers to printf7.o(i._printf_core) for _printf_core
    printf7.o(i.__0snprintf$7) refers to printf7.o(i._snputc) for _snputc
    printf7.o(i.__0sprintf$7) refers to printf7.o(i._printf_core) for _printf_core
    printf7.o(i.__0sprintf$7) refers to printf7.o(i._sputc) for _sputc
    printf7.o(i.__0vfprintf$7) refers to printf7.o(i._printf_core) for _printf_core
    printf7.o(i.__0vfprintf$7) refers to uart_irqs.o(.text) for fputc
    printf7.o(i.__0vprintf$7) refers to printf7.o(i._printf_core) for _printf_core
    printf7.o(i.__0vprintf$7) refers to uart_irqs.o(.text) for fputc
    printf7.o(i.__0vprintf$7) refers to stdout.o(.data) for __stdout
    printf7.o(i.__0vsnprintf$7) refers to printf7.o(i._printf_core) for _printf_core
    printf7.o(i.__0vsnprintf$7) refers to printf7.o(i._snputc) for _snputc
    printf7.o(i.__0vsprintf$7) refers to printf7.o(i._printf_core) for _printf_core
    printf7.o(i.__0vsprintf$7) refers to printf7.o(i._sputc) for _sputc
    printf7.o(i._printf_core) refers to printf7.o(i._printf_pre_padding) for _printf_pre_padding
    printf7.o(i._printf_core) refers to uldiv.o(.text) for __aeabi_uldivmod
    printf7.o(i._printf_core) refers to printf7.o(i._printf_post_padding) for _printf_post_padding
    printf8.o(i.__0fprintf$8) refers to printf8.o(i._printf_core) for _printf_core
    printf8.o(i.__0fprintf$8) refers to uart_irqs.o(.text) for fputc
    printf8.o(i.__0printf$8) refers to printf8.o(i._printf_core) for _printf_core
    printf8.o(i.__0printf$8) refers to uart_irqs.o(.text) for fputc
    printf8.o(i.__0printf$8) refers to stdout.o(.data) for __stdout
    printf8.o(i.__0snprintf$8) refers to printf8.o(i._printf_core) for _printf_core
    printf8.o(i.__0snprintf$8) refers to printf8.o(i._snputc) for _snputc
    printf8.o(i.__0sprintf$8) refers to printf8.o(i._printf_core) for _printf_core
    printf8.o(i.__0sprintf$8) refers to printf8.o(i._sputc) for _sputc
    printf8.o(i.__0vfprintf$8) refers to printf8.o(i._printf_core) for _printf_core
    printf8.o(i.__0vfprintf$8) refers to uart_irqs.o(.text) for fputc
    printf8.o(i.__0vprintf$8) refers to printf8.o(i._printf_core) for _printf_core
    printf8.o(i.__0vprintf$8) refers to uart_irqs.o(.text) for fputc
    printf8.o(i.__0vprintf$8) refers to stdout.o(.data) for __stdout
    printf8.o(i.__0vsnprintf$8) refers to printf8.o(i._printf_core) for _printf_core
    printf8.o(i.__0vsnprintf$8) refers to printf8.o(i._snputc) for _snputc
    printf8.o(i.__0vsprintf$8) refers to printf8.o(i._printf_core) for _printf_core
    printf8.o(i.__0vsprintf$8) refers to printf8.o(i._sputc) for _sputc
    printf8.o(i._printf_core) refers to printf8.o(i._printf_pre_padding) for _printf_pre_padding
    printf8.o(i._printf_core) refers to uldiv.o(.text) for __aeabi_uldivmod
    printf8.o(i._printf_core) refers to printf8.o(i._printf_post_padding) for _printf_post_padding
    printfa.o(i.__0fprintf) refers (Special) to iusefp.o(.text) for __I$use$fp
    printfa.o(i.__0fprintf) refers to printfa.o(i._printf_core) for _printf_core
    printfa.o(i.__0fprintf) refers to uart_irqs.o(.text) for fputc
    printfa.o(i.__0printf) refers (Special) to iusefp.o(.text) for __I$use$fp
    printfa.o(i.__0printf) refers to printfa.o(i._printf_core) for _printf_core
    printfa.o(i.__0printf) refers to uart_irqs.o(.text) for fputc
    printfa.o(i.__0printf) refers to stdout.o(.data) for __stdout
    printfa.o(i.__0snprintf) refers (Special) to iusefp.o(.text) for __I$use$fp
    printfa.o(i.__0snprintf) refers to printfa.o(i._printf_core) for _printf_core
    printfa.o(i.__0snprintf) refers to printfa.o(i._snputc) for _snputc
    printfa.o(i.__0sprintf) refers (Special) to iusefp.o(.text) for __I$use$fp
    printfa.o(i.__0sprintf) refers to printfa.o(i._printf_core) for _printf_core
    printfa.o(i.__0sprintf) refers to printfa.o(i._sputc) for _sputc
    printfa.o(i.__0vfprintf) refers (Special) to iusefp.o(.text) for __I$use$fp
    printfa.o(i.__0vfprintf) refers to printfa.o(i._printf_core) for _printf_core
    printfa.o(i.__0vfprintf) refers to uart_irqs.o(.text) for fputc
    printfa.o(i.__0vprintf) refers (Special) to iusefp.o(.text) for __I$use$fp
    printfa.o(i.__0vprintf) refers to printfa.o(i._printf_core) for _printf_core
    printfa.o(i.__0vprintf) refers to uart_irqs.o(.text) for fputc
    printfa.o(i.__0vprintf) refers to stdout.o(.data) for __stdout
    printfa.o(i.__0vsnprintf) refers (Special) to iusefp.o(.text) for __I$use$fp
    printfa.o(i.__0vsnprintf) refers to printfa.o(i._printf_core) for _printf_core
    printfa.o(i.__0vsnprintf) refers to printfa.o(i._snputc) for _snputc
    printfa.o(i.__0vsprintf) refers (Special) to iusefp.o(.text) for __I$use$fp
    printfa.o(i.__0vsprintf) refers to printfa.o(i._printf_core) for _printf_core
    printfa.o(i.__0vsprintf) refers to printfa.o(i._sputc) for _sputc
    printfa.o(i._fp_digits) refers (Special) to iusefp.o(.text) for __I$use$fp
    printfa.o(i._fp_digits) refers to dmul.o(.text) for __aeabi_dmul
    printfa.o(i._fp_digits) refers to ddiv.o(.text) for __aeabi_ddiv
    printfa.o(i._fp_digits) refers to cdrcmple.o(.text) for __aeabi_cdrcmple
    printfa.o(i._fp_digits) refers to dadd.o(.text) for __aeabi_dadd
    printfa.o(i._fp_digits) refers to dfixul.o(.text) for __aeabi_d2ulz
    printfa.o(i._fp_digits) refers to uldiv.o(.text) for __aeabi_uldivmod
    printfa.o(i._printf_core) refers (Special) to iusefp.o(.text) for __I$use$fp
    printfa.o(i._printf_core) refers to printfa.o(i._printf_pre_padding) for _printf_pre_padding
    printfa.o(i._printf_core) refers to uldiv.o(.text) for __aeabi_uldivmod
    printfa.o(i._printf_core) refers to printfa.o(i._printf_post_padding) for _printf_post_padding
    printfa.o(i._printf_core) refers to printfa.o(i._fp_digits) for _fp_digits
    printfa.o(i._printf_core) refers to uidiv.o(.text) for __aeabi_uidivmod
    printfa.o(i._printf_post_padding) refers (Special) to iusefp.o(.text) for __I$use$fp
    printfa.o(i._printf_pre_padding) refers (Special) to iusefp.o(.text) for __I$use$fp
    printfa.o(i._snputc) refers (Special) to iusefp.o(.text) for __I$use$fp
    printfa.o(i._sputc) refers (Special) to iusefp.o(.text) for __I$use$fp
    malloc.o(i.free) refers to mvars.o(.data) for __microlib_freelist
    malloc.o(i.malloc) refers to mvars.o(.data) for __microlib_freelist_initialised
    malloc.o(i.malloc) refers to mvars.o(.data) for __microlib_freelist
    malloc.o(i.malloc) refers to startup_tm4c123.o(HEAP) for __heap_base
    mallocr.o(i.__free$realloc) refers to mvars.o(.data) for __microlib_freelist
    mallocr.o(i.__malloc$realloc) refers to mallocr.o(i.internal_alloc) for internal_alloc
    mallocr.o(i.__malloc$realloc) refers to mvars.o(.data) for __microlib_freelist_initialised
    mallocr.o(i.__malloc$realloc) refers to startup_tm4c123.o(HEAP) for __heap_base
    mallocr.o(i.__malloc$realloc) refers to mvars.o(.data) for __microlib_freelist
    mallocr.o(i.internal_alloc) refers to memcpya.o(.text) for __aeabi_memcpy
    mallocr.o(i.internal_alloc) refers to mvars.o(.data) for __microlib_freelist
    mallocr.o(i.realloc) refers to mallocr.o(i.__free$realloc) for __free$realloc
    mallocr.o(i.realloc) refers to mallocr.o(i.internal_alloc) for internal_alloc
    mallocr.o(i.realloc) refers to mallocr.o(i.__malloc$realloc) for __malloc$realloc
    mallocr.o(i.realloc) refers to mvars.o(.data) for __microlib_freelist
    malloca.o(i.__aligned_malloc) refers to mvars.o(.data) for __microlib_freelist_initialised
    malloca.o(i.__aligned_malloc) refers to mvars.o(.data) for __microlib_freelist
    malloca.o(i.__aligned_malloc) refers to startup_tm4c123.o(HEAP) for __heap_base
    malloca.o(i.__free$memalign) refers to mvars.o(.data) for __microlib_freelist
    malloca.o(i.__malloc$memalign) refers to malloca.o(i.__aligned_malloc) for __aligned_malloc
    mallocra.o(i.__aligned_malloc$realloc) refers to mallocra.o(i.internal_alloc) for internal_alloc
    mallocra.o(i.__aligned_malloc$realloc) refers to mvars.o(.data) for __microlib_freelist_initialised
    mallocra.o(i.__aligned_malloc$realloc) refers to startup_tm4c123.o(HEAP) for __heap_base
    mallocra.o(i.__aligned_malloc$realloc) refers to mvars.o(.data) for __microlib_freelist
    mallocra.o(i.__free$realloc$memalign) refers to mvars.o(.data) for __microlib_freelist
    mallocra.o(i.__malloc$realloc$memalign) refers to mallocra.o(i.__aligned_malloc$realloc) for __aligned_malloc$realloc
    mallocra.o(i.__realloc$memalign) refers to mallocra.o(i.__free$realloc$memalign) for __free$realloc$memalign
    mallocra.o(i.__realloc$memalign) refers to mallocra.o(i.internal_alloc) for internal_alloc
    mallocra.o(i.__realloc$memalign) refers to mallocra.o(i.__malloc$realloc$memalign) for __malloc$realloc$memalign
    mallocra.o(i.__realloc$memalign) refers to mvars.o(.data) for __microlib_freelist
    mallocra.o(i.internal_alloc) refers to memcpya.o(.text) for __aeabi_memcpy
    mallocra.o(i.internal_alloc) refers to mvars.o(.data) for __microlib_freelist
    errno.o(i.__aeabi_errno_addr) refers to errno.o(.data) for .data
    errno.o(i.__read_errno) refers to errno.o(.data) for .data
    errno.o(i.__set_errno) refers to errno.o(.data) for .data
    __0scanf.o(.text) refers to scanf_char_file.o(.text) for __vfscanf_char_file
    __0scanf.o(.text) refers to stdin.o(.data) for __stdin
    entry2.o(.ARM.Collect$$$$00000001) refers to entry2.o(.ARM.Collect$$$$00002712) for __lit__00000000
    entry2.o(.ARM.Collect$$$$00002712) refers to startup_tm4c123.o(STACK) for __initial_sp
    entry2.o(__vectab_stack_and_reset_area) refers to startup_tm4c123.o(STACK) for __initial_sp
    entry2.o(__vectab_stack_and_reset_area) refers to entry.o(.ARM.Collect$$$$00000000) for __main
    entry5.o(.ARM.Collect$$$$00000004) refers to init.o(.text) for __scatterload
    entry9a.o(.ARM.Collect$$$$0000000B) refers to main.o(.text) for main
    entry9b.o(.ARM.Collect$$$$0000000C) refers to main.o(.text) for main
    uldiv.o(.text) refers to llushr.o(.text) for __aeabi_llsr
    uldiv.o(.text) refers to llshl.o(.text) for __aeabi_llsl
    scanf_char_file.o(.text) refers to scanf_char.o(.text) for __vfscanf_char
    scanf_char_file.o(.text) refers to uart_irqs.o(.text) for fgetc
    scanf_char_file.o(.text) refers to fgetc_b.o(.text) for __backspace
    dadd.o(.text) refers to llshl.o(.text) for __aeabi_llsl
    dadd.o(.text) refers to llsshr.o(.text) for __aeabi_lasr
    dadd.o(.text) refers to depilogue.o(.text) for _double_epilogue
    dmul.o(.text) refers to depilogue.o(.text) for _double_epilogue
    ddiv.o(.text) refers to depilogue.o(.text) for _double_round
    dfixul.o(.text) refers to llushr.o(.text) for __aeabi_llsr
    dfixul.o(.text) refers to llshl.o(.text) for __aeabi_llsl
    init.o(.text) refers to entry5.o(.ARM.Collect$$$$00000004) for __main_after_scatterload
    fgetc_b.o(.text) refers (Special) to iusesemig.o(.text) for __I$use$semihosting$fgetc
    fgetc_b.o(.text) refers (Special) to semi.o(.text) for __semihosting_library_function
    fgetc_b.o(.text) refers to fgetc_b.o(.data) for .data
    fgetc_b.o(.data) refers (Special) to iusesemig.o(.text) for __I$use$semihosting$fgetc
    fgetc_b.o(.data) refers (Special) to semi.o(.text) for __semihosting_library_function
    scanf_char.o(.text) refers to _scanf.o(.text) for __vfscanf
    scanf_char.o(.text) refers to isspace_c.o(.text) for isspace
    depilogue.o(.text) refers to llshl.o(.text) for __aeabi_llsl
    depilogue.o(.text) refers to llushr.o(.text) for __aeabi_llsr
    isspace_c.o(.text) refers to ctype_c.o(.text) for __ctype_lookup
    _scanf.o(.text) refers (Weak) to _scanf_str.o(.text) for _scanf_string
    ctype_c.o(.text) refers to ctype_c.o(.constdata) for .constdata


==============================================================================

Removing Unused input sections from the image.

    Removing main.o(.rev16_text), (4 bytes).
    Removing main.o(.revsh_text), (4 bytes).
    Removing interrupts.o(.rev16_text), (4 bytes).
    Removing interrupts.o(.revsh_text), (4 bytes).
    Removing adc.o(.rev16_text), (4 bytes).
    Removing adc.o(.revsh_text), (4 bytes).
    Removing eeprom.o(.rev16_text), (4 bytes).
    Removing eeprom.o(.revsh_text), (4 bytes).
    Removing gpio_port.o(.rev16_text), (4 bytes).
    Removing gpio_port.o(.revsh_text), (4 bytes).
    Removing i2c.o(.rev16_text), (4 bytes).
    Removing i2c.o(.revsh_text), (4 bytes).
    Removing lcd.o(.rev16_text), (4 bytes).
    Removing lcd.o(.revsh_text), (4 bytes).
    Removing lcd.o(.constdata), (392 bytes).
    Removing spi.o(.rev16_text), (4 bytes).
    Removing spi.o(.revsh_text), (4 bytes).
    Removing timers.o(.rev16_text), (4 bytes).
    Removing timers.o(.revsh_text), (4 bytes).
    Removing uart_irqs.o(.rev16_text), (4 bytes).
    Removing uart_irqs.o(.revsh_text), (4 bytes).
    Removing wireless.o(.rev16_text), (4 bytes).
    Removing wireless.o(.revsh_text), (4 bytes).
    Removing system_tm4c123.o(.rev16_text), (4 bytes).
    Removing system_tm4c123.o(.revsh_text), (4 bytes).

25 unused section(s) (total 488 bytes) removed from the image.

==============================================================================

Image Symbol Table

    Local Symbols

    Symbol Name                              Value     Ov Type        Size  Object(Section)

    RESET                                    0x00000000   Section      620  startup_tm4c123.o(RESET)
    ../clib/microlib/ctype/ctype.c           0x00000000   Number         0  ctype_c.o ABSOLUTE
    ../clib/microlib/ctype/ctype.c           0x00000000   Number         0  isspace_c.o ABSOLUTE
    ../clib/microlib/division.c              0x00000000   Number         0  uldiv.o ABSOLUTE
    ../clib/microlib/division.c              0x00000000   Number         0  uidiv.o ABSOLUTE
    ../clib/microlib/errno.c                 0x00000000   Number         0  errno.o ABSOLUTE
    ../clib/microlib/init/entry.s            0x00000000   Number         0  entry5.o ABSOLUTE
    ../clib/microlib/init/entry.s            0x00000000   Number         0  entry2.o ABSOLUTE
    ../clib/microlib/init/entry.s            0x00000000   Number         0  entry.o ABSOLUTE
    ../clib/microlib/init/entry.s            0x00000000   Number         0  entry11b.o ABSOLUTE
    ../clib/microlib/init/entry.s            0x00000000   Number         0  entry11a.o ABSOLUTE
    ../clib/microlib/init/entry.s            0x00000000   Number         0  entry10b.o ABSOLUTE
    ../clib/microlib/init/entry.s            0x00000000   Number         0  entry10a.o ABSOLUTE
    ../clib/microlib/init/entry.s            0x00000000   Number         0  entry9b.o ABSOLUTE
    ../clib/microlib/init/entry.s            0x00000000   Number         0  entry9a.o ABSOLUTE
    ../clib/microlib/init/entry.s            0x00000000   Number         0  entry8b.o ABSOLUTE
    ../clib/microlib/init/entry.s            0x00000000   Number         0  entry8a.o ABSOLUTE
    ../clib/microlib/init/entry.s            0x00000000   Number         0  entry7b.o ABSOLUTE
    ../clib/microlib/init/entry.s            0x00000000   Number         0  entry7a.o ABSOLUTE
    ../clib/microlib/longlong.c              0x00000000   Number         0  llsshr.o ABSOLUTE
    ../clib/microlib/longlong.c              0x00000000   Number         0  llshl.o ABSOLUTE
    ../clib/microlib/longlong.c              0x00000000   Number         0  llushr.o ABSOLUTE
    ../clib/microlib/malloc/malloc.c         0x00000000   Number         0  mallocra.o ABSOLUTE
    ../clib/microlib/malloc/malloc.c         0x00000000   Number         0  malloca.o ABSOLUTE
    ../clib/microlib/malloc/malloc.c         0x00000000   Number         0  mallocr.o ABSOLUTE
    ../clib/microlib/malloc/malloc.c         0x00000000   Number         0  malloc.o ABSOLUTE
    ../clib/microlib/malloc/mvars.c          0x00000000   Number         0  mvars.o ABSOLUTE
    ../clib/microlib/printf/printf.c         0x00000000   Number         0  printfa.o ABSOLUTE
    ../clib/microlib/printf/printf.c         0x00000000   Number         0  printf3.o ABSOLUTE
    ../clib/microlib/printf/printf.c         0x00000000   Number         0  printf2.o ABSOLUTE
    ../clib/microlib/printf/printf.c         0x00000000   Number         0  printf1.o ABSOLUTE
    ../clib/microlib/printf/printf.c         0x00000000   Number         0  printf0.o ABSOLUTE
    ../clib/microlib/printf/printf.c         0x00000000   Number         0  printf6.o ABSOLUTE
    ../clib/microlib/printf/printf.c         0x00000000   Number         0  printf5.o ABSOLUTE
    ../clib/microlib/printf/printf.c         0x00000000   Number         0  printfb.o ABSOLUTE
    ../clib/microlib/printf/printf.c         0x00000000   Number         0  printf8.o ABSOLUTE
    ../clib/microlib/printf/printf.c         0x00000000   Number         0  printf7.o ABSOLUTE
    ../clib/microlib/printf/printf.c         0x00000000   Number         0  printf4.o ABSOLUTE
    ../clib/microlib/printf/stubs.s          0x00000000   Number         0  stubs.o ABSOLUTE
    ../clib/microlib/stdio/fgetc.c           0x00000000   Number         0  fgetc_b.o ABSOLUTE
    ../clib/microlib/stdio/semi.s            0x00000000   Number         0  semi.o ABSOLUTE
    ../clib/microlib/stdio/streams.c         0x00000000   Number         0  stdin.o ABSOLUTE
    ../clib/microlib/stdio/streams.c         0x00000000   Number         0  stdout.o ABSOLUTE
    ../clib/microlib/stdlib/rand.c           0x00000000   Number         0  rand.o ABSOLUTE
    ../clib/microlib/string/memcpy.c         0x00000000   Number         0  memcpyb.o ABSOLUTE
    ../clib/microlib/string/memcpy.c         0x00000000   Number         0  memcpya.o ABSOLUTE
    ../clib/microlib/string/memset.c         0x00000000   Number         0  memseta.o ABSOLUTE
    ../clib/microlib/stubs.s                 0x00000000   Number         0  iusesemig.o ABSOLUTE
    ../clib/microlib/stubs.s                 0x00000000   Number         0  iusefp.o ABSOLUTE
    ../clib/scanf.c                          0x00000000   Number         0  __0scanf.o ABSOLUTE
    ../clib/scanf.c                          0x00000000   Number         0  scanf_char.o ABSOLUTE
    ../clib/scanf.c                          0x00000000   Number         0  _scanf.o ABSOLUTE
    ../clib/scanf.c                          0x00000000   Number         0  _scanf_str.o ABSOLUTE
    ../clib/scanf.c                          0x00000000   Number         0  scanf_char_file.o ABSOLUTE
    ../fplib/microlib/fpadd.c                0x00000000   Number         0  dadd.o ABSOLUTE
    ../fplib/microlib/fpdiv.c                0x00000000   Number         0  ddiv.o ABSOLUTE
    ../fplib/microlib/fpepilogue.c           0x00000000   Number         0  depilogue.o ABSOLUTE
    ../fplib/microlib/fpfix.c                0x00000000   Number         0  dfixul.o ABSOLUTE
    ../fplib/microlib/fpmul.c                0x00000000   Number         0  dmul.o ABSOLUTE
    ..\\drivers\\adc.c                       0x00000000   Number         0  adc.o ABSOLUTE
    ..\\drivers\\eeprom.c                    0x00000000   Number         0  eeprom.o ABSOLUTE
    ..\\drivers\\gpio_port.c                 0x00000000   Number         0  gpio_port.o ABSOLUTE
    ..\\drivers\\i2c.c                       0x00000000   Number         0  i2c.o ABSOLUTE
    ..\\drivers\\lcd.c                       0x00000000   Number         0  lcd.o ABSOLUTE
    ..\\drivers\\spi.c                       0x00000000   Number         0  spi.o ABSOLUTE
    ..\\drivers\\timers.c                    0x00000000   Number         0  timers.o ABSOLUTE
    ..\\drivers\\uart_irqs.c                 0x00000000   Number         0  uart_irqs.o ABSOLUTE
    ..\\drivers\\wireless.c                  0x00000000   Number         0  wireless.o ABSOLUTE
    ..\drivers\adc.c                         0x00000000   Number         0  adc.o ABSOLUTE
    ..\drivers\eeprom.c                      0x00000000   Number         0  eeprom.o ABSOLUTE
    ..\drivers\fonts.c                       0x00000000   Number         0  fonts.o ABSOLUTE
    ..\drivers\gpio_port.c                   0x00000000   Number         0  gpio_port.o ABSOLUTE
    ..\drivers\i2c.c                         0x00000000   Number         0  i2c.o ABSOLUTE
    ..\drivers\lcd.c                         0x00000000   Number         0  lcd.o ABSOLUTE
    ..\drivers\pc_buffer.c                   0x00000000   Number         0  pc_buffer.o ABSOLUTE
    ..\drivers\spi.c                         0x00000000   Number         0  spi.o ABSOLUTE
    ..\drivers\timers.c                      0x00000000   Number         0  timers.o ABSOLUTE
    ..\drivers\uart_irqs.c                   0x00000000   Number         0  uart_irqs.o ABSOLUTE
    ..\drivers\wireless.c                    0x00000000   Number         0  wireless.o ABSOLUTE
    RTE\Device\TM4C123GH6PM\startup_TM4C123.s 0x00000000   Number         0  startup_tm4c123.o ABSOLUTE
    RTE\Device\TM4C123GH6PM\system_TM4C123.c 0x00000000   Number         0  system_tm4c123.o ABSOLUTE
    RTE\\Device\\TM4C123GH6PM\\system_TM4C123.c 0x00000000   Number         0  system_tm4c123.o ABSOLUTE
    cdrcmple.s                               0x00000000   Number         0  cdrcmple.o ABSOLUTE
    dc.s                                     0x00000000   Number         0  dc.o ABSOLUTE
    handlers.s                               0x00000000   Number         0  handlers.o ABSOLUTE
    init.s                                   0x00000000   Number         0  init.o ABSOLUTE
    interrupts.c                             0x00000000   Number         0  interrupts.o ABSOLUTE
    interrupts.c                             0x00000000   Number         0  interrupts.o ABSOLUTE
    main.c                                   0x00000000   Number         0  main.o ABSOLUTE
    main.c                                   0x00000000   Number         0  main.o ABSOLUTE
    .ARM.Collect$$$$00000000                 0x0000026c   Section        0  entry.o(.ARM.Collect$$$$00000000)
    .ARM.Collect$$$$00000001                 0x0000026c   Section        4  entry2.o(.ARM.Collect$$$$00000001)
    .ARM.Collect$$$$00000004                 0x00000270   Section        4  entry5.o(.ARM.Collect$$$$00000004)
    .ARM.Collect$$$$00000008                 0x00000274   Section        0  entry7b.o(.ARM.Collect$$$$00000008)
    .ARM.Collect$$$$0000000A                 0x00000274   Section        0  entry8b.o(.ARM.Collect$$$$0000000A)
    .ARM.Collect$$$$0000000B                 0x00000274   Section        8  entry9a.o(.ARM.Collect$$$$0000000B)
    .ARM.Collect$$$$0000000D                 0x0000027c   Section        0  entry10a.o(.ARM.Collect$$$$0000000D)
    .ARM.Collect$$$$0000000F                 0x0000027c   Section        0  entry11a.o(.ARM.Collect$$$$0000000F)
    .ARM.Collect$$$$00002712                 0x0000027c   Section        4  entry2.o(.ARM.Collect$$$$00002712)
    __lit__00000000                          0x0000027c   Data           4  entry2.o(.ARM.Collect$$$$00002712)
    .text                                    0x00000280   Section        0  main.o(.text)
    .text                                    0x00000fec   Section        0  interrupts.o(.text)
    .text                                    0x00001284   Section        0  adc.o(.text)
    NVIC_SetPriority                         0x00001285   Thumb Code    32  adc.o(.text)
    .text                                    0x000014f8   Section        0  eeprom.o(.text)
    eeprom_wait_for_write                    0x000014f9   Thumb Code    68  eeprom.o(.text)
    .text                                    0x00001720   Section        0  gpio_port.o(.text)
    verifyBaseAddr                           0x00001721   Thumb Code    64  gpio_port.o(.text)
    .text                                    0x00001950   Section        0  i2c.o(.text)
    .text                                    0x00001b58   Section        0  lcd.o(.text)
    lcd_assert_cmd_mode                      0x00001e4b   Thumb Code    18  lcd.o(.text)
    lcd_deassert_cmd_mode                    0x00001e5d   Thumb Code    18  lcd.o(.text)
    .text                                    0x00001e84   Section        0  pc_buffer.o(.text)
    .text                                    0x00001efc   Section        0  spi.o(.text)
    .text                                    0x00002094   Section        0  timers.o(.text)
    NVIC_SetPriority                         0x00002095   Thumb Code    32  timers.o(.text)
    verify_base_addr                         0x000020b5   Thumb Code    64  timers.o(.text)
    get_clock_masks                          0x000020f5   Thumb Code   106  timers.o(.text)
    .text                                    0x0000235c   Section        0  uart_irqs.o(.text)
    .text                                    0x000024ec   Section        0  wireless.o(.text)
    wireless_reg_read                        0x000024fb   Thumb Code    34  wireless.o(.text)
    wireless_reg_write                       0x0000251d   Thumb Code    44  wireless.o(.text)
    wireless_rx_data_payload                 0x00002549   Thumb Code    62  wireless.o(.text)
    wireless_set_rx_addr                     0x00002587   Thumb Code   118  wireless.o(.text)
    wireless_get_status                      0x000025fd   Thumb Code    32  wireless.o(.text)
    wireless_CSN_low                         0x000029e1   Thumb Code    16  wireless.o(.text)
    wireless_CSN_high                        0x000029f1   Thumb Code    16  wireless.o(.text)
    wireless_CE_low                          0x00002a01   Thumb Code    16  wireless.o(.text)
    wireless_CE_high                         0x00002a11   Thumb Code    16  wireless.o(.text)
    wireless_flush_tx_fifo                   0x00002a21   Thumb Code    28  wireless.o(.text)
    wireless_rx_fifo_empty                   0x00002a3d   Thumb Code    24  wireless.o(.text)
    wireless_status_tx_ds_asserted           0x00002a55   Thumb Code    16  wireless.o(.text)
    wireless_status_tx_full_asserted         0x00002a65   Thumb Code    16  wireless.o(.text)
    wireless_clear_max_rt                    0x00002a75   Thumb Code    12  wireless.o(.text)
    .text                                    0x00002b34   Section      252  startup_tm4c123.o(.text)
    $v0                                      0x00002b34   Number         0  startup_tm4c123.o(.text)
    .text                                    0x00002c30   Section        0  system_tm4c123.o(.text)
    getOscClk                                0x00002c31   Thumb Code   182  system_tm4c123.o(.text)
    .text                                    0x00002e7c   Section        0  rand.o(.text)
    .text                                    0x00002ea0   Section        0  memcpya.o(.text)
    .text                                    0x00002ec4   Section        0  memseta.o(.text)
    .text                                    0x00002ee8   Section        0  __0scanf.o(.text)
    .text                                    0x00002f08   Section        0  _scanf_str.o(.text)
    .text                                    0x00002fe2   Section        0  uidiv.o(.text)
    .text                                    0x0000300e   Section        0  uldiv.o(.text)
    .text                                    0x00003070   Section        0  scanf_char_file.o(.text)
    .text                                    0x00003084   Section        0  iusefp.o(.text)
    .text                                    0x00003084   Section        0  dadd.o(.text)
    .text                                    0x000031d2   Section        0  dmul.o(.text)
    .text                                    0x000032b6   Section        0  ddiv.o(.text)
    .text                                    0x00003394   Section        0  dfixul.o(.text)
    .text                                    0x000033c4   Section       40  cdrcmple.o(.text)
    .text                                    0x000033ec   Section       36  init.o(.text)
    .text                                    0x00003410   Section        0  fgetc_b.o(.text)
    .text                                    0x0000343c   Section        0  llshl.o(.text)
    .text                                    0x0000345a   Section        0  llushr.o(.text)
    .text                                    0x0000347a   Section        0  llsshr.o(.text)
    .text                                    0x000034a0   Section        0  scanf_char.o(.text)
    _scanf_char_input                        0x000034a1   Thumb Code    12  scanf_char.o(.text)
    .text                                    0x000034c8   Section        0  depilogue.o(.text)
    .text                                    0x0000357e   Section        0  semi.o(.text)
    .text                                    0x0000357e   Section        0  isspace_c.o(.text)
    .text                                    0x00003588   Section        0  _scanf.o(.text)
    .text                                    0x000038b0   Section        0  iusesemig.o(.text)
    .text                                    0x000038b0   Section        0  ctype_c.o(.text)
    i.__0printf                              0x000038d8   Section        0  printfa.o(i.__0printf)
    i.__0printf$8                            0x000038f8   Section        0  printf8.o(i.__0printf$8)
    i.__aeabi_errno_addr                     0x00003918   Section        0  errno.o(i.__aeabi_errno_addr)
    i.__scatterload_copy                     0x00003920   Section       14  handlers.o(i.__scatterload_copy)
    i.__scatterload_null                     0x0000392e   Section        2  handlers.o(i.__scatterload_null)
    i.__scatterload_zeroinit                 0x00003930   Section       14  handlers.o(i.__scatterload_zeroinit)
    i._fp_digits                             0x00003940   Section        0  printfa.o(i._fp_digits)
    _fp_digits                               0x00003941   Thumb Code   334  printfa.o(i._fp_digits)
    i._printf_core                           0x00003aa4   Section        0  printf8.o(i._printf_core)
    _printf_core                             0x00003aa5   Thumb Code   988  printf8.o(i._printf_core)
    i._printf_core                           0x00003eac   Section        0  printfa.o(i._printf_core)
    _printf_core                             0x00003ead   Thumb Code  1744  printfa.o(i._printf_core)
    i._printf_post_padding                   0x00004588   Section        0  printf8.o(i._printf_post_padding)
    _printf_post_padding                     0x00004589   Thumb Code    36  printf8.o(i._printf_post_padding)
    i._printf_post_padding                   0x000045ac   Section        0  printfa.o(i._printf_post_padding)
    _printf_post_padding                     0x000045ad   Thumb Code    36  printfa.o(i._printf_post_padding)
    i._printf_pre_padding                    0x000045d0   Section        0  printf8.o(i._printf_pre_padding)
    _printf_pre_padding                      0x000045d1   Thumb Code    46  printf8.o(i._printf_pre_padding)
    i._printf_pre_padding                    0x000045fe   Section        0  printfa.o(i._printf_pre_padding)
    _printf_pre_padding                      0x000045ff   Thumb Code    46  printfa.o(i._printf_pre_padding)
    i.malloc                                 0x0000462c   Section        0  malloc.o(i.malloc)
    .constdata                               0x00004698   Section       20  main.o(.constdata)
    .constdata                               0x000046ac   Section     3101  fonts.o(.constdata)
    .constdata                               0x000052c9   Section       64  ctype_c.o(.constdata)
    .conststring                             0x0000530c   Section       39  main.o(.conststring)
    .data                                    0x20000000   Section       37  main.o(.data)
    indexLast                                0x20000020   Data           4  main.o(.data)
    first                                    0x20000024   Data           1  main.o(.data)
    .data                                    0x20000028   Section       40  interrupts.o(.data)
    BTNR_time                                0x2000003c   Data           4  interrupts.o(.data)
    BTNL_time                                0x20000040   Data           4  interrupts.o(.data)
    BTNU_time                                0x20000044   Data           4  interrupts.o(.data)
    BTND_time                                0x20000048   Data           4  interrupts.o(.data)
    BTNP_time                                0x2000004c   Data           4  interrupts.o(.data)
    .data                                    0x20000050   Section        4  system_tm4c123.o(.data)
    .data                                    0x20000054   Section        4  stdin.o(.data)
    .data                                    0x20000058   Section        4  stdout.o(.data)
    .data                                    0x2000005c   Section        4  rand.o(.data)
    _rand_state                              0x2000005c   Data           4  rand.o(.data)
    .data                                    0x20000060   Section        4  errno.o(.data)
    _errno                                   0x20000060   Data           4  errno.o(.data)
    .data                                    0x20000064   Section        4  mvars.o(.data)
    .data                                    0x20000068   Section        4  mvars.o(.data)
    .data                                    0x2000006c   Section        3  fgetc_b.o(.data)
    ungetc_sp                                0x2000006c   Data           1  fgetc_b.o(.data)
    ungetc_stack                             0x2000006d   Data           2  fgetc_b.o(.data)
    .bss                                     0x20000070   Section     2216  main.o(.bss)
    HEAP                                     0x20000918   Section        0  startup_tm4c123.o(HEAP)
    STACK                                    0x20000918   Section      512  startup_tm4c123.o(STACK)

    Global Symbols

    Symbol Name                              Value     Ov Type        Size  Object(Section)

    BuildAttributes$$THM_ISAv4$E$P$D$K$B$S$7EM$VFPi3$EXTD16$VFPS$VFMA$PE$A:L22UL41UL21$X:L11$S22US41US21$IEEE1$IW$USESV6$~STKCKD$USESV7$~SHL$OSPACE$ROPI$EBA8$MICROLIB$REQ8$PRES8$EABIv2 0x00000000   Number         0  anon$$obj.o ABSOLUTE
    __ARM_use_no_argv                        0x00000000   Number         0  main.o ABSOLUTE
    __Vectors                                0x00000000   Data           4  startup_tm4c123.o(RESET)
    _printf_a                                0x00000000   Number         0  stubs.o ABSOLUTE
    _printf_c                                0x00000000   Number         0  stubs.o ABSOLUTE
    _printf_charcount                        0x00000000   Number         0  stubs.o ABSOLUTE
    _printf_d                                0x00000000   Number         0  stubs.o ABSOLUTE
    _printf_e                                0x00000000   Number         0  stubs.o ABSOLUTE
    _printf_f                                0x00000000   Number         0  stubs.o ABSOLUTE
    _printf_flags                            0x00000000   Number         0  stubs.o ABSOLUTE
    _printf_fp_dec                           0x00000000   Number         0  stubs.o ABSOLUTE
    _printf_fp_hex                           0x00000000   Number         0  stubs.o ABSOLUTE
    _printf_g                                0x00000000   Number         0  stubs.o ABSOLUTE
    _printf_i                                0x00000000   Number         0  stubs.o ABSOLUTE
    _printf_int_dec                          0x00000000   Number         0  stubs.o ABSOLUTE
    _printf_l                                0x00000000   Number         0  stubs.o ABSOLUTE
    _printf_lc                               0x00000000   Number         0  stubs.o ABSOLUTE
    _printf_ll                               0x00000000   Number         0  stubs.o ABSOLUTE
    _printf_lld                              0x00000000   Number         0  stubs.o ABSOLUTE
    _printf_lli                              0x00000000   Number         0  stubs.o ABSOLUTE
    _printf_llo                              0x00000000   Number         0  stubs.o ABSOLUTE
    _printf_llu                              0x00000000   Number         0  stubs.o ABSOLUTE
    _printf_llx                              0x00000000   Number         0  stubs.o ABSOLUTE
    _printf_longlong_dec                     0x00000000   Number         0  stubs.o ABSOLUTE
    _printf_longlong_hex                     0x00000000   Number         0  stubs.o ABSOLUTE
    _printf_longlong_oct                     0x00000000   Number         0  stubs.o ABSOLUTE
    _printf_ls                               0x00000000   Number         0  stubs.o ABSOLUTE
    _printf_mbtowc                           0x00000000   Number         0  stubs.o ABSOLUTE
    _printf_n                                0x00000000   Number         0  stubs.o ABSOLUTE
    _printf_o                                0x00000000   Number         0  stubs.o ABSOLUTE
    _printf_p                                0x00000000   Number         0  stubs.o ABSOLUTE
    _printf_percent                          0x00000000   Number         0  stubs.o ABSOLUTE
    _printf_pre_padding                      0x00000000   Number         0  stubs.o ABSOLUTE
    _printf_return_value                     0x00000000   Number         0  stubs.o ABSOLUTE
    _printf_s                                0x00000000   Number         0  stubs.o ABSOLUTE
    _printf_sizespec                         0x00000000   Number         0  stubs.o ABSOLUTE
    _printf_str                              0x00000000   Number         0  stubs.o ABSOLUTE
    _printf_truncate_signed                  0x00000000   Number         0  stubs.o ABSOLUTE
    _printf_truncate_unsigned                0x00000000   Number         0  stubs.o ABSOLUTE
    _printf_u                                0x00000000   Number         0  stubs.o ABSOLUTE
    _printf_wc                               0x00000000   Number         0  stubs.o ABSOLUTE
    _printf_wctomb                           0x00000000   Number         0  stubs.o ABSOLUTE
    _printf_widthprec                        0x00000000   Number         0  stubs.o ABSOLUTE
    _printf_x                                0x00000000   Number         0  stubs.o ABSOLUTE
    __cpp_initialize__aeabi_                  - Undefined Weak Reference
    __cxa_finalize                            - Undefined Weak Reference
    __decompress                              - Undefined Weak Reference
    _clock_init                               - Undefined Weak Reference
    _microlib_exit                            - Undefined Weak Reference
    _scanf_int                                - Undefined Weak Reference
    _scanf_longlong                           - Undefined Weak Reference
    _scanf_real                               - Undefined Weak Reference
    __Vectors_End                            0x0000026c   Data           0  startup_tm4c123.o(RESET)
    __Vectors_Size                           0x0000026c   Number         0  startup_tm4c123.o ABSOLUTE
    __main                                   0x0000026d   Thumb Code     0  entry.o(.ARM.Collect$$$$00000000)
    _main_stk                                0x0000026d   Thumb Code     0  entry2.o(.ARM.Collect$$$$00000001)
    _main_scatterload                        0x00000271   Thumb Code     0  entry5.o(.ARM.Collect$$$$00000004)
    __main_after_scatterload                 0x00000275   Thumb Code     0  entry5.o(.ARM.Collect$$$$00000004)
    _main_clock                              0x00000275   Thumb Code     0  entry7b.o(.ARM.Collect$$$$00000008)
    _main_cpp_init                           0x00000275   Thumb Code     0  entry8b.o(.ARM.Collect$$$$0000000A)
    _main_init                               0x00000275   Thumb Code     0  entry9a.o(.ARM.Collect$$$$0000000B)
    __rt_final_cpp                           0x0000027d   Thumb Code     0  entry10a.o(.ARM.Collect$$$$0000000D)
    __rt_final_exit                          0x0000027d   Thumb Code     0  entry11a.o(.ARM.Collect$$$$0000000F)
    DisableInterrupts                        0x00000281   Thumb Code     4  main.o(.text)
    EnableInterrupts                         0x00000285   Thumb Code     4  main.o(.text)
    init_LED                                 0x00000289   Thumb Code    54  main.o(.text)
    drawLEDs                                 0x000002bf   Thumb Code   102  main.o(.text)
    checkForNewBoard                         0x00000325   Thumb Code   116  main.o(.text)
    initializeBoard                          0x00000399   Thumb Code   268  main.o(.text)
    printNames                               0x000004a5   Thumb Code   146  main.o(.text)
    getInput                                 0x00000537   Thumb Code    22  main.o(.text)
    getNewNames                              0x0000054d   Thumb Code   168  main.o(.text)
    checkForSpecialConditions                0x000005f5   Thumb Code    72  main.o(.text)
    clearAll                                 0x0000063d   Thumb Code    36  main.o(.text)
    setBoard                                 0x00000661   Thumb Code   296  main.o(.text)
    getBoard                                 0x00000789   Thumb Code    22  main.o(.text)
    setScreen                                0x0000079f   Thumb Code    20  main.o(.text)
    getScreen                                0x000007b3   Thumb Code    20  main.o(.text)
    getNextFree                              0x000007c7   Thumb Code    84  main.o(.text)
    getSnakeLength                           0x0000081b   Thumb Code    16  main.o(.text)
    printScore                               0x0000082b   Thumb Code   226  main.o(.text)
    win                                      0x0000090d   Thumb Code    72  main.o(.text)
    lose                                     0x00000955   Thumb Code    72  main.o(.text)
    getSnakeHead                             0x0000099d   Thumb Code    28  main.o(.text)
    getSnakeLoc                              0x000009b9   Thumb Code    30  main.o(.text)
    validateOffSnake                         0x000009d7   Thumb Code    44  main.o(.text)
    genBerry                                 0x00000a03   Thumb Code   182  main.o(.text)
    setSnakeHead                             0x00000ab9   Thumb Code   288  main.o(.text)
    moveSnake                                0x00000bd9   Thumb Code   214  main.o(.text)
    getSnakeY                                0x00000caf   Thumb Code    30  main.o(.text)
    getSnakeX                                0x00000ccd   Thumb Code    32  main.o(.text)
    update                                   0x00000ced   Thumb Code   344  main.o(.text)
    snakeInit                                0x00000e45   Thumb Code    58  main.o(.text)
    play                                     0x00000e7f   Thumb Code    48  main.o(.text)
    homeScreen                               0x00000eaf   Thumb Code   116  main.o(.text)
    initGame                                 0x00000f23   Thumb Code    92  main.o(.text)
    main                                     0x00000f7f   Thumb Code    16  main.o(.text)
    SysTick_Handler                          0x00000fed   Thumb Code   222  interrupts.o(.text)
    TIMER0A_Handler                          0x000010cb   Thumb Code    38  interrupts.o(.text)
    TIMER1A_Handler                          0x000010f1   Thumb Code    20  interrupts.o(.text)
    TIMER2A_Handler                          0x00001105   Thumb Code    20  interrupts.o(.text)
    ADC0SS0_Handler                          0x00001119   Thumb Code   102  interrupts.o(.text)
    ADC1SS3_Handler                          0x0000117f   Thumb Code    14  interrupts.o(.text)
    UART0_Handler                            0x0000118d   Thumb Code   140  interrupts.o(.text)
    initializeADC                            0x000012a5   Thumb Code    82  adc.o(.text)
    getADCValue                              0x000012f7   Thumb Code    58  adc.o(.text)
    project_adc_init                         0x00001331   Thumb Code   428  adc.o(.text)
    eeprom_byte_write                        0x0000153d   Thumb Code    82  eeprom.o(.text)
    eeprom_byte_read                         0x0000158f   Thumb Code   102  eeprom.o(.text)
    test_eeprom                              0x000015f5   Thumb Code   132  eeprom.o(.text)
    gpio_enable_port                         0x00001761   Thumb Code   156  gpio_port.o(.text)
    gpio_config_digital_enable               0x000017fd   Thumb Code    34  gpio_port.o(.text)
    gpio_config_enable_output                0x0000181f   Thumb Code    34  gpio_port.o(.text)
    gpio_config_enable_input                 0x00001841   Thumb Code    34  gpio_port.o(.text)
    gpio_config_enable_pullup                0x00001863   Thumb Code    34  gpio_port.o(.text)
    gpio_config_enable_pulldown              0x00001885   Thumb Code    34  gpio_port.o(.text)
    gpio_config_analog_enable                0x000018a7   Thumb Code    34  gpio_port.o(.text)
    gpio_config_alternate_function           0x000018c9   Thumb Code    34  gpio_port.o(.text)
    gpio_config_port_control                 0x000018eb   Thumb Code    34  gpio_port.o(.text)
    gpio_config_open_drain                   0x0000190d   Thumb Code    34  gpio_port.o(.text)
    initializeI2CMaster                      0x00001951   Thumb Code   160  i2c.o(.text)
    i2cVerifyBaseAddr                        0x000019f1   Thumb Code    36  i2c.o(.text)
    i2cSetSlaveAddr                          0x00001a15   Thumb Code    30  i2c.o(.text)
    i2cStop                                  0x00001a33   Thumb Code    26  i2c.o(.text)
    I2CMasterBusy                            0x00001a4d   Thumb Code    34  i2c.o(.text)
    I2CMasterAdrAck                          0x00001a6f   Thumb Code    34  i2c.o(.text)
    I2CMasterDatAck                          0x00001a91   Thumb Code    34  i2c.o(.text)
    i2cSendByte                              0x00001ab3   Thumb Code    82  i2c.o(.text)
    i2cGetByte                               0x00001b05   Thumb Code    60  i2c.o(.text)
    lcd_set_page                             0x00001b59   Thumb Code    36  lcd.o(.text)
    lcd_set_column                           0x00001b7d   Thumb Code    52  lcd.o(.text)
    lcd_write_data                           0x00001bb1   Thumb Code    22  lcd.o(.text)
    lcd_write_char_10pts                     0x00001bc7   Thumb Code   192  lcd.o(.text)
    lcd_clear                                0x00001c87   Thumb Code    46  lcd.o(.text)
    lcd_screen_init                          0x00001cb5   Thumb Code   238  lcd.o(.text)
    lcd_pins_init                            0x00001da3   Thumb Code   168  lcd.o(.text)
    pc_buffer_init                           0x00001e85   Thumb Code    24  pc_buffer.o(.text)
    pc_buffer_add                            0x00001e9d   Thumb Code    26  pc_buffer.o(.text)
    pc_buffer_remove                         0x00001eb7   Thumb Code    28  pc_buffer.o(.text)
    pc_buffer_empty                          0x00001ed3   Thumb Code    18  pc_buffer.o(.text)
    pc_buffer_full                           0x00001ee5   Thumb Code    22  pc_buffer.o(.text)
    spiVerifyBaseAddr                        0x00001efd   Thumb Code    34  spi.o(.text)
    initialize_spi                           0x00001f1f   Thumb Code   256  spi.o(.text)
    spiTx                                    0x0000201f   Thumb Code    94  spi.o(.text)
    gp_timer_wait                            0x0000215f   Thumb Code    58  timers.o(.text)
    gp_timer_config_32                       0x00002199   Thumb Code   206  timers.o(.text)
    project_timers_init                      0x00002267   Thumb Code   196  timers.o(.text)
    initialize_uart                          0x0000235d   Thumb Code   158  uart_irqs.o(.text)
    uartRx                                   0x000023fb   Thumb Code    44  uart_irqs.o(.text)
    uartTx                                   0x00002427   Thumb Code    70  uart_irqs.o(.text)
    fputc                                    0x0000246d   Thumb Code    44  uart_irqs.o(.text)
    fgetc                                    0x00002499   Thumb Code    48  uart_irqs.o(.text)
    wait_uS_15                               0x000024ed   Thumb Code    14  wireless.o(.text)
    wireless_send_32                         0x0000261d   Thumb Code   302  wireless.o(.text)
    wireless_get_32                          0x0000274b   Thumb Code   130  wireless.o(.text)
    wireless_configure_device                0x000027cd   Thumb Code   210  wireless.o(.text)
    wireless_initialize                      0x0000289f   Thumb Code   166  wireless.o(.text)
    wireless_test                            0x00002945   Thumb Code   156  wireless.o(.text)
    Reset_Handler                            0x00002b35   Thumb Code     8  startup_tm4c123.o(.text)
    NMI_Handler                              0x00002b3d   Thumb Code     2  startup_tm4c123.o(.text)
    HardFault_Handler                        0x00002b3f   Thumb Code     2  startup_tm4c123.o(.text)
    MemManage_Handler                        0x00002b41   Thumb Code     2  startup_tm4c123.o(.text)
    BusFault_Handler                         0x00002b43   Thumb Code     2  startup_tm4c123.o(.text)
    UsageFault_Handler                       0x00002b45   Thumb Code     2  startup_tm4c123.o(.text)
    SVC_Handler                              0x00002b47   Thumb Code     2  startup_tm4c123.o(.text)
    DebugMon_Handler                         0x00002b49   Thumb Code     2  startup_tm4c123.o(.text)
    PendSV_Handler                           0x00002b4b   Thumb Code     2  startup_tm4c123.o(.text)
    GPIOA_Handler                            0x00002b4f   Thumb Code     2  startup_tm4c123.o(.text)
    GPIOB_Handler                            0x00002b51   Thumb Code     2  startup_tm4c123.o(.text)
    GPIOC_Handler                            0x00002b53   Thumb Code     2  startup_tm4c123.o(.text)
    GPIOD_Handler                            0x00002b55   Thumb Code     2  startup_tm4c123.o(.text)
    GPIOE_Handler                            0x00002b57   Thumb Code     2  startup_tm4c123.o(.text)
    UART1_Handler                            0x00002b5b   Thumb Code     2  startup_tm4c123.o(.text)
    SSI0_Handler                             0x00002b5d   Thumb Code     2  startup_tm4c123.o(.text)
    I2C0_Handler                             0x00002b5f   Thumb Code     2  startup_tm4c123.o(.text)
    PMW0_FAULT_Handler                       0x00002b61   Thumb Code     2  startup_tm4c123.o(.text)
    PWM0_0_Handler                           0x00002b63   Thumb Code     2  startup_tm4c123.o(.text)
    PWM0_1_Handler                           0x00002b65   Thumb Code     2  startup_tm4c123.o(.text)
    PWM0_2_Handler                           0x00002b67   Thumb Code     2  startup_tm4c123.o(.text)
    QEI0_Handler                             0x00002b69   Thumb Code     2  startup_tm4c123.o(.text)
    ADC0SS1_Handler                          0x00002b6d   Thumb Code     2  startup_tm4c123.o(.text)
    ADC0SS2_Handler                          0x00002b6f   Thumb Code     2  startup_tm4c123.o(.text)
    ADC0SS3_Handler                          0x00002b71   Thumb Code     2  startup_tm4c123.o(.text)
    WDT0_Handler                             0x00002b73   Thumb Code     2  startup_tm4c123.o(.text)
    TIMER0B_Handler                          0x00002b77   Thumb Code     2  startup_tm4c123.o(.text)
    TIMER1B_Handler                          0x00002b7b   Thumb Code     2  startup_tm4c123.o(.text)
    TIMER2B_Handler                          0x00002b7f   Thumb Code     2  startup_tm4c123.o(.text)
    COMP0_Handler                            0x00002b81   Thumb Code     2  startup_tm4c123.o(.text)
    COMP1_Handler                            0x00002b83   Thumb Code     2  startup_tm4c123.o(.text)
    COMP2_Handler                            0x00002b85   Thumb Code     2  startup_tm4c123.o(.text)
    SYSCTL_Handler                           0x00002b87   Thumb Code     2  startup_tm4c123.o(.text)
    FLASH_Handler                            0x00002b89   Thumb Code     2  startup_tm4c123.o(.text)
    GPIOF_Handler                            0x00002b8b   Thumb Code     2  startup_tm4c123.o(.text)
    GPIOG_Handler                            0x00002b8d   Thumb Code     2  startup_tm4c123.o(.text)
    GPIOH_Handler                            0x00002b8f   Thumb Code     2  startup_tm4c123.o(.text)
    UART2_Handler                            0x00002b91   Thumb Code     2  startup_tm4c123.o(.text)
    SSI1_Handler                             0x00002b93   Thumb Code     2  startup_tm4c123.o(.text)
    TIMER3A_Handler                          0x00002b95   Thumb Code     2  startup_tm4c123.o(.text)
    TIMER3B_Handler                          0x00002b97   Thumb Code     2  startup_tm4c123.o(.text)
    I2C1_Handler                             0x00002b99   Thumb Code     2  startup_tm4c123.o(.text)
    QEI1_Handler                             0x00002b9b   Thumb Code     2  startup_tm4c123.o(.text)
    CAN0_Handler                             0x00002b9d   Thumb Code     2  startup_tm4c123.o(.text)
    CAN1_Handler                             0x00002b9f   Thumb Code     2  startup_tm4c123.o(.text)
    CAN2_Handler                             0x00002ba1   Thumb Code     2  startup_tm4c123.o(.text)
    HIB_Handler                              0x00002ba3   Thumb Code     2  startup_tm4c123.o(.text)
    USB0_Handler                             0x00002ba5   Thumb Code     2  startup_tm4c123.o(.text)
    PWM0_3_Handler                           0x00002ba7   Thumb Code     2  startup_tm4c123.o(.text)
    UDMA_Handler                             0x00002ba9   Thumb Code     2  startup_tm4c123.o(.text)
    UDMAERR_Handler                          0x00002bab   Thumb Code     2  startup_tm4c123.o(.text)
    ADC1SS0_Handler                          0x00002bad   Thumb Code     2  startup_tm4c123.o(.text)
    ADC1SS1_Handler                          0x00002baf   Thumb Code     2  startup_tm4c123.o(.text)
    ADC1SS2_Handler                          0x00002bb1   Thumb Code     2  startup_tm4c123.o(.text)
    GPIOJ_Handler                            0x00002bb5   Thumb Code     2  startup_tm4c123.o(.text)
    GPIOK_Handler                            0x00002bb7   Thumb Code     2  startup_tm4c123.o(.text)
    GPIOL_Handler                            0x00002bb9   Thumb Code     2  startup_tm4c123.o(.text)
    SSI2_Handler                             0x00002bbb   Thumb Code     2  startup_tm4c123.o(.text)
    SSI3_Handler                             0x00002bbd   Thumb Code     2  startup_tm4c123.o(.text)
    UART3_Handler                            0x00002bbf   Thumb Code     2  startup_tm4c123.o(.text)
    UART4_Handler                            0x00002bc1   Thumb Code     2  startup_tm4c123.o(.text)
    UART5_Handler                            0x00002bc3   Thumb Code     2  startup_tm4c123.o(.text)
    UART6_Handler                            0x00002bc5   Thumb Code     2  startup_tm4c123.o(.text)
    UART7_Handler                            0x00002bc7   Thumb Code     2  startup_tm4c123.o(.text)
    I2C2_Handler                             0x00002bc9   Thumb Code     2  startup_tm4c123.o(.text)
    I2C3_Handler                             0x00002bcb   Thumb Code     2  startup_tm4c123.o(.text)
    TIMER4A_Handler                          0x00002bcd   Thumb Code     2  startup_tm4c123.o(.text)
    TIMER4B_Handler                          0x00002bcf   Thumb Code     2  startup_tm4c123.o(.text)
    TIMER5A_Handler                          0x00002bd1   Thumb Code     2  startup_tm4c123.o(.text)
    TIMER5B_Handler                          0x00002bd3   Thumb Code     2  startup_tm4c123.o(.text)
    WTIMER0A_Handler                         0x00002bd5   Thumb Code     2  startup_tm4c123.o(.text)
    WTIMER0B_Handler                         0x00002bd7   Thumb Code     2  startup_tm4c123.o(.text)
    WTIMER1A_Handler                         0x00002bd9   Thumb Code     2  startup_tm4c123.o(.text)
    WTIMER1B_Handler                         0x00002bdb   Thumb Code     2  startup_tm4c123.o(.text)
    WTIMER2A_Handler                         0x00002bdd   Thumb Code     2  startup_tm4c123.o(.text)
    WTIMER2B_Handler                         0x00002bdf   Thumb Code     2  startup_tm4c123.o(.text)
    WTIMER3A_Handler                         0x00002be1   Thumb Code     2  startup_tm4c123.o(.text)
    WTIMER3B_Handler                         0x00002be3   Thumb Code     2  startup_tm4c123.o(.text)
    WTIMER4A_Handler                         0x00002be5   Thumb Code     2  startup_tm4c123.o(.text)
    WTIMER4B_Handler                         0x00002be7   Thumb Code     2  startup_tm4c123.o(.text)
    WTIMER5A_Handler                         0x00002be9   Thumb Code     2  startup_tm4c123.o(.text)
    WTIMER5B_Handler                         0x00002beb   Thumb Code     2  startup_tm4c123.o(.text)
    FPU_Handler                              0x00002bed   Thumb Code     2  startup_tm4c123.o(.text)
    I2C4_Handler                             0x00002bef   Thumb Code     2  startup_tm4c123.o(.text)
    I2C5_Handler                             0x00002bf1   Thumb Code     2  startup_tm4c123.o(.text)
    GPIOM_Handler                            0x00002bf3   Thumb Code     2  startup_tm4c123.o(.text)
    GPION_Handler                            0x00002bf5   Thumb Code     2  startup_tm4c123.o(.text)
    QEI2_Handler                             0x00002bf7   Thumb Code     2  startup_tm4c123.o(.text)
    GPIOP0_Handler                           0x00002bf9   Thumb Code     2  startup_tm4c123.o(.text)
    GPIOP1_Handler                           0x00002bfb   Thumb Code     2  startup_tm4c123.o(.text)
    GPIOP2_Handler                           0x00002bfd   Thumb Code     2  startup_tm4c123.o(.text)
    GPIOP3_Handler                           0x00002bff   Thumb Code     2  startup_tm4c123.o(.text)
    GPIOP4_Handler                           0x00002c01   Thumb Code     2  startup_tm4c123.o(.text)
    GPIOP5_Handler                           0x00002c03   Thumb Code     2  startup_tm4c123.o(.text)
    GPIOP6_Handler                           0x00002c05   Thumb Code     2  startup_tm4c123.o(.text)
    GPIOP7_Handler                           0x00002c07   Thumb Code     2  startup_tm4c123.o(.text)
    GPIOQ0_Handler                           0x00002c09   Thumb Code     2  startup_tm4c123.o(.text)
    GPIOQ1_Handler                           0x00002c0b   Thumb Code     2  startup_tm4c123.o(.text)
    GPIOQ2_Handler                           0x00002c0d   Thumb Code     2  startup_tm4c123.o(.text)
    GPIOQ3_Handler                           0x00002c0f   Thumb Code     2  startup_tm4c123.o(.text)
    GPIOQ4_Handler                           0x00002c11   Thumb Code     2  startup_tm4c123.o(.text)
    GPIOQ5_Handler                           0x00002c13   Thumb Code     2  startup_tm4c123.o(.text)
    GPIOQ6_Handler                           0x00002c15   Thumb Code     2  startup_tm4c123.o(.text)
    GPIOQ7_Handler                           0x00002c17   Thumb Code     2  startup_tm4c123.o(.text)
    GPIOR_Handler                            0x00002c19   Thumb Code     2  startup_tm4c123.o(.text)
    GPIOS_Handler                            0x00002c1b   Thumb Code     2  startup_tm4c123.o(.text)
    PMW1_0_Handler                           0x00002c1d   Thumb Code     2  startup_tm4c123.o(.text)
    PWM1_1_Handler                           0x00002c1f   Thumb Code     2  startup_tm4c123.o(.text)
    PWM1_2_Handler                           0x00002c21   Thumb Code     2  startup_tm4c123.o(.text)
    PWM1_3_Handler                           0x00002c23   Thumb Code     2  startup_tm4c123.o(.text)
    PWM1_FAULT_Handler                       0x00002c25   Thumb Code     2  startup_tm4c123.o(.text)
    SystemCoreClockUpdate                    0x00002ce7   Thumb Code   184  system_tm4c123.o(.text)
    SystemInit                               0x00002d9f   Thumb Code   112  system_tm4c123.o(.text)
    rand                                     0x00002e7d   Thumb Code    20  rand.o(.text)
    srand                                    0x00002e91   Thumb Code     6  rand.o(.text)
    __aeabi_memcpy                           0x00002ea1   Thumb Code    36  memcpya.o(.text)
    __aeabi_memcpy4                          0x00002ea1   Thumb Code     0  memcpya.o(.text)
    __aeabi_memcpy8                          0x00002ea1   Thumb Code     0  memcpya.o(.text)
    __aeabi_memset                           0x00002ec5   Thumb Code    14  memseta.o(.text)
    __aeabi_memset4                          0x00002ec5   Thumb Code     0  memseta.o(.text)
    __aeabi_memset8                          0x00002ec5   Thumb Code     0  memseta.o(.text)
    __aeabi_memclr                           0x00002ed3   Thumb Code     4  memseta.o(.text)
    __aeabi_memclr4                          0x00002ed3   Thumb Code     0  memseta.o(.text)
    __aeabi_memclr8                          0x00002ed3   Thumb Code     0  memseta.o(.text)
    _memset$wrapper                          0x00002ed7   Thumb Code    18  memseta.o(.text)
    __0scanf                                 0x00002ee9   Thumb Code    26  __0scanf.o(.text)
    _scanf_string                            0x00002f09   Thumb Code   218  _scanf_str.o(.text)
    __aeabi_uidiv                            0x00002fe3   Thumb Code     0  uidiv.o(.text)
    __aeabi_uidivmod                         0x00002fe3   Thumb Code    44  uidiv.o(.text)
    __aeabi_uldivmod                         0x0000300f   Thumb Code    98  uldiv.o(.text)
    __vfscanf_char_file                      0x00003071   Thumb Code    12  scanf_char_file.o(.text)
    __I$use$fp                               0x00003085   Thumb Code     0  iusefp.o(.text)
    __aeabi_dadd                             0x00003085   Thumb Code   322  dadd.o(.text)
    __aeabi_dsub                             0x000031c7   Thumb Code     6  dadd.o(.text)
    __aeabi_drsub                            0x000031cd   Thumb Code     6  dadd.o(.text)
    __aeabi_dmul                             0x000031d3   Thumb Code   228  dmul.o(.text)
    __aeabi_ddiv                             0x000032b7   Thumb Code   222  ddiv.o(.text)
    __aeabi_d2ulz                            0x00003395   Thumb Code    48  dfixul.o(.text)
    __aeabi_cdrcmple                         0x000033c5   Thumb Code    38  cdrcmple.o(.text)
    __scatterload                            0x000033ed   Thumb Code    28  init.o(.text)
    __scatterload_rt2                        0x000033ed   Thumb Code     0  init.o(.text)
    _fgetc$bs                                0x00003411   Thumb Code    28  fgetc_b.o(.text)
    __backspace                              0x0000342d   Thumb Code    10  fgetc_b.o(.text)
    __aeabi_llsl                             0x0000343d   Thumb Code    30  llshl.o(.text)
    _ll_shift_l                              0x0000343d   Thumb Code     0  llshl.o(.text)
    __aeabi_llsr                             0x0000345b   Thumb Code    32  llushr.o(.text)
    _ll_ushift_r                             0x0000345b   Thumb Code     0  llushr.o(.text)
    __aeabi_lasr                             0x0000347b   Thumb Code    36  llsshr.o(.text)
    _ll_sshift_r                             0x0000347b   Thumb Code     0  llsshr.o(.text)
    __vfscanf_char                           0x000034ad   Thumb Code    20  scanf_char.o(.text)
    _double_round                            0x000034c9   Thumb Code    26  depilogue.o(.text)
    _double_epilogue                         0x000034e3   Thumb Code   156  depilogue.o(.text)
    __semihosting_library_function           0x0000357f   Thumb Code     0  semi.o(.text)
    isspace                                  0x0000357f   Thumb Code    10  isspace_c.o(.text)
    __vfscanf                                0x00003589   Thumb Code   802  _scanf.o(.text)
    __I$use$semihosting$fgetc                0x000038b1   Thumb Code     0  iusesemig.o(.text)
    __ctype_lookup                           0x000038b1   Thumb Code    34  ctype_c.o(.text)
    __0printf                                0x000038d9   Thumb Code    22  printfa.o(i.__0printf)
    __1printf                                0x000038d9   Thumb Code     0  printfa.o(i.__0printf)
    __2printf$full                           0x000038d9   Thumb Code     0  printfa.o(i.__0printf)
    __c89printf                              0x000038d9   Thumb Code     0  printfa.o(i.__0printf)
    printf                                   0x000038d9   Thumb Code     0  printfa.o(i.__0printf)
    __0printf$8                              0x000038f9   Thumb Code    22  printf8.o(i.__0printf$8)
    __1printf$8                              0x000038f9   Thumb Code     0  printf8.o(i.__0printf$8)
    __2printf                                0x000038f9   Thumb Code     0  printf8.o(i.__0printf$8)
    __aeabi_errno_addr                       0x00003919   Thumb Code     4  errno.o(i.__aeabi_errno_addr)
    __rt_errno_addr                          0x00003919   Thumb Code     0  errno.o(i.__aeabi_errno_addr)
    __scatterload_copy                       0x00003921   Thumb Code    14  handlers.o(i.__scatterload_copy)
    __scatterload_null                       0x0000392f   Thumb Code     2  handlers.o(i.__scatterload_null)
    __scatterload_zeroinit                   0x00003931   Thumb Code    14  handlers.o(i.__scatterload_zeroinit)
    malloc                                   0x0000462d   Thumb Code    92  malloc.o(i.malloc)
    arialNarrow_8ptBitmaps                   0x000046ac   Data          50  fonts.o(.constdata)
    courierNew_10ptBitmaps                   0x000046de   Data        1900  fonts.o(.constdata)
    buckyBadger                              0x00004e4a   Data         759  fonts.o(.constdata)
    motionW                                  0x00005141   Data         392  fonts.o(.constdata)
    __ctype_categories                       0x000052c9   Data          64  ctype_c.o(.constdata)
    Region$$Table$$Base                      0x00005334   Number         0  anon$$obj.o(Region$$Table)
    Region$$Table$$Limit                     0x00005354   Number         0  anon$$obj.o(Region$$Table)
    myID                                     0x20000000   Data           5  main.o(.data)
    remoteID                                 0x20000005   Data           5  main.o(.data)
    amRemote                                 0x2000000a   Data           1  main.o(.data)
    n1                                       0x2000000c   Data           4  main.o(.data)
    n2                                       0x20000010   Data           4  main.o(.data)
    tn                                       0x20000014   Data           4  main.o(.data)
    berryX                                   0x20000018   Data           4  main.o(.data)
    berryY                                   0x2000001c   Data           4  main.o(.data)
    BTN_UP                                   0x20000028   Data           1  interrupts.o(.data)
    BTN_DOWN                                 0x20000029   Data           1  interrupts.o(.data)
    BTN_LEFT                                 0x2000002a   Data           1  interrupts.o(.data)
    BTN_RIGHT                                0x2000002b   Data           1  interrupts.o(.data)
    PS2_UP                                   0x2000002c   Data           1  interrupts.o(.data)
    PS2_DOWN                                 0x2000002d   Data           1  interrupts.o(.data)
    PS2_RIGHT                                0x2000002e   Data           1  interrupts.o(.data)
    PS2_LEFT                                 0x2000002f   Data           1  interrupts.o(.data)
    BTN_PS2                                  0x20000030   Data           1  interrupts.o(.data)
    ALERT_MOVE                               0x20000031   Data           1  interrupts.o(.data)
    ALERT_5_MS                               0x20000032   Data           1  interrupts.o(.data)
    ALERT_5_S                                0x20000033   Data           1  interrupts.o(.data)
    PACKETS_R                                0x20000034   Data           4  interrupts.o(.data)
    PACKETS_S                                0x20000038   Data           4  interrupts.o(.data)
    SystemCoreClock                          0x20000050   Data           4  system_tm4c123.o(.data)
    __stdin                                  0x20000054   Data           4  stdin.o(.data)
    __stdout                                 0x20000058   Data           4  stdout.o(.data)
    __microlib_freelist                      0x20000064   Data           4  mvars.o(.data)
    __microlib_freelist_initialised          0x20000068   Data           4  mvars.o(.data)
    UART0_Rx_Buffer                          0x20000070   Data          16  main.o(.bss)
    UART0_Tx_Buffer                          0x20000080   Data          16  main.o(.bss)
    output                                   0x20000090   Data          80  main.o(.bss)
    input                                    0x200000e0   Data          80  main.o(.bss)
    snake                                    0x20000130   Data         808  main.o(.bss)
    board                                    0x20000458   Data         400  main.o(.bss)
    screen                                   0x200005e8   Data         816  main.o(.bss)
    __heap_base                              0x20000918   Data           0  startup_tm4c123.o(HEAP)
    __heap_limit                             0x20000918   Data           0  startup_tm4c123.o(HEAP)
    __initial_sp                             0x20000b18   Data           0  startup_tm4c123.o(STACK)



==============================================================================

Memory Map of the image

  Image Entry point : 0x00002b35

  Load Region LR_1 (Base: 0x00000000, Size: 0x000053c4, Max: 0xffffffff, ABSOLUTE)

    Execution Region ER_RO (Base: 0x00000000, Size: 0x00005354, Max: 0xffffffff, ABSOLUTE)

    Base Addr    Size         Type   Attr      Idx    E Section Name        Object

    0x00000000   0x0000026c   Data   RO          376    RESET               startup_tm4c123.o
    0x0000026c   0x00000000   Code   RO          407  * .ARM.Collect$$$$00000000  mc_w.l(entry.o)
    0x0000026c   0x00000004   Code   RO          721    .ARM.Collect$$$$00000001  mc_w.l(entry2.o)
    0x00000270   0x00000004   Code   RO          724    .ARM.Collect$$$$00000004  mc_w.l(entry5.o)
    0x00000274   0x00000000   Code   RO          726    .ARM.Collect$$$$00000008  mc_w.l(entry7b.o)
    0x00000274   0x00000000   Code   RO          728    .ARM.Collect$$$$0000000A  mc_w.l(entry8b.o)
    0x00000274   0x00000008   Code   RO          729    .ARM.Collect$$$$0000000B  mc_w.l(entry9a.o)
    0x0000027c   0x00000000   Code   RO          731    .ARM.Collect$$$$0000000D  mc_w.l(entry10a.o)
    0x0000027c   0x00000000   Code   RO          733    .ARM.Collect$$$$0000000F  mc_w.l(entry11a.o)
    0x0000027c   0x00000004   Code   RO          722    .ARM.Collect$$$$00002712  mc_w.l(entry2.o)
    0x00000280   0x00000d6c   Code   RO            3    .text               main.o
    0x00000fec   0x00000298   Code   RO          116    .text               interrupts.o
    0x00001284   0x00000274   Code   RO          150    .text               adc.o
    0x000014f8   0x00000228   Code   RO          174    .text               eeprom.o
    0x00001720   0x00000230   Code   RO          207    .text               gpio_port.o
    0x00001950   0x00000208   Code   RO          227    .text               i2c.o
    0x00001b58   0x0000032c   Code   RO          247    .text               lcd.o
    0x00001e84   0x00000076   Code   RO          271    .text               pc_buffer.o
    0x00001efa   0x00000002   PAD
    0x00001efc   0x00000198   Code   RO          288    .text               spi.o
    0x00002094   0x000002c8   Code   RO          308    .text               timers.o
    0x0000235c   0x00000190   Code   RO          332    .text               uart_irqs.o
    0x000024ec   0x00000648   Code   RO          356    .text               wireless.o
    0x00002b34   0x000000fc   Code   RO          377  * .text               startup_tm4c123.o
    0x00002c30   0x0000024c   Code   RO          383    .text               system_tm4c123.o
    0x00002e7c   0x00000024   Code   RO          412    .text               mc_w.l(rand.o)
    0x00002ea0   0x00000024   Code   RO          415    .text               mc_w.l(memcpya.o)
    0x00002ec4   0x00000024   Code   RO          417    .text               mc_w.l(memseta.o)
    0x00002ee8   0x00000020   Code   RO          717    .text               mc_w.l(__0scanf.o)
    0x00002f08   0x000000da   Code   RO          719    .text               mc_w.l(_scanf_str.o)
    0x00002fe2   0x0000002c   Code   RO          735    .text               mc_w.l(uidiv.o)
    0x0000300e   0x00000062   Code   RO          737    .text               mc_w.l(uldiv.o)
    0x00003070   0x00000014   Code   RO          741    .text               mc_w.l(scanf_char_file.o)
    0x00003084   0x00000000   Code   RO          743    .text               mc_w.l(iusefp.o)
    0x00003084   0x0000014e   Code   RO          744    .text               mf_w.l(dadd.o)
    0x000031d2   0x000000e4   Code   RO          746    .text               mf_w.l(dmul.o)
    0x000032b6   0x000000de   Code   RO          748    .text               mf_w.l(ddiv.o)
    0x00003394   0x00000030   Code   RO          750    .text               mf_w.l(dfixul.o)
    0x000033c4   0x00000028   Code   RO          752    .text               mf_w.l(cdrcmple.o)
    0x000033ec   0x00000024   Code   RO          754    .text               mc_w.l(init.o)
    0x00003410   0x0000002c   Code   RO          756    .text               mc_w.l(fgetc_b.o)
    0x0000343c   0x0000001e   Code   RO          759    .text               mc_w.l(llshl.o)
    0x0000345a   0x00000020   Code   RO          761    .text               mc_w.l(llushr.o)
    0x0000347a   0x00000024   Code   RO          763    .text               mc_w.l(llsshr.o)
    0x0000349e   0x00000002   PAD
    0x000034a0   0x00000028   Code   RO          765    .text               mc_w.l(scanf_char.o)
    0x000034c8   0x000000b6   Code   RO          767    .text               mf_w.l(depilogue.o)
    0x0000357e   0x00000000   Code   RO          769    .text               mc_w.l(semi.o)
    0x0000357e   0x0000000a   Code   RO          770    .text               mc_w.l(isspace_c.o)
    0x00003588   0x00000328   Code   RO          772    .text               mc_w.l(_scanf.o)
    0x000038b0   0x00000000   Code   RO          774    .text               mc_w.l(iusesemig.o)
    0x000038b0   0x00000028   Code   RO          775    .text               mc_w.l(ctype_c.o)
    0x000038d8   0x00000020   Code   RO          654    i.__0printf         mc_w.l(printfa.o)
    0x000038f8   0x00000020   Code   RO          628    i.__0printf$8       mc_w.l(printf8.o)
    0x00003918   0x00000008   Code   RO          710    i.__aeabi_errno_addr  mc_w.l(errno.o)
    0x00003920   0x0000000e   Code   RO          780    i.__scatterload_copy  mc_w.l(handlers.o)
    0x0000392e   0x00000002   Code   RO          781    i.__scatterload_null  mc_w.l(handlers.o)
    0x00003930   0x0000000e   Code   RO          782    i.__scatterload_zeroinit  mc_w.l(handlers.o)
    0x0000393e   0x00000002   PAD
    0x00003940   0x00000164   Code   RO          661    i._fp_digits        mc_w.l(printfa.o)
    0x00003aa4   0x00000408   Code   RO          635    i._printf_core      mc_w.l(printf8.o)
    0x00003eac   0x000006dc   Code   RO          662    i._printf_core      mc_w.l(printfa.o)
    0x00004588   0x00000024   Code   RO          636    i._printf_post_padding  mc_w.l(printf8.o)
    0x000045ac   0x00000024   Code   RO          663    i._printf_post_padding  mc_w.l(printfa.o)
    0x000045d0   0x0000002e   Code   RO          637    i._printf_pre_padding  mc_w.l(printf8.o)
    0x000045fe   0x0000002e   Code   RO          664    i._printf_pre_padding  mc_w.l(printfa.o)
    0x0000462c   0x0000006c   Code   RO          683    i.malloc            mc_w.l(malloc.o)
    0x00004698   0x00000014   Data   RO            5    .constdata          main.o
    0x000046ac   0x00000c1d   Data   RO          192    .constdata          fonts.o
    0x000052c9   0x00000040   Data   RO          776    .constdata          mc_w.l(ctype_c.o)
    0x00005309   0x00000003   PAD
    0x0000530c   0x00000027   Data   RO            6    .conststring        main.o
    0x00005333   0x00000001   PAD
    0x00005334   0x00000020   Data   RO          778    Region$$Table       anon$$obj.o


    Execution Region ER_RW (Base: 0x20000000, Size: 0x00000070, Max: 0xffffffff, ABSOLUTE)

    Base Addr    Size         Type   Attr      Idx    E Section Name        Object

    0x20000000   0x00000025   Data   RW            7    .data               main.o
    0x20000025   0x00000003   PAD
    0x20000028   0x00000028   Data   RW          117    .data               interrupts.o
    0x20000050   0x00000004   Data   RW          384    .data               system_tm4c123.o
    0x20000054   0x00000004   Data   RW          410    .data               mc_w.l(stdin.o)
    0x20000058   0x00000004   Data   RW          411    .data               mc_w.l(stdout.o)
    0x2000005c   0x00000004   Data   RW          413    .data               mc_w.l(rand.o)
    0x20000060   0x00000004   Data   RW          713    .data               mc_w.l(errno.o)
    0x20000064   0x00000004   Data   RW          739    .data               mc_w.l(mvars.o)
    0x20000068   0x00000004   Data   RW          740    .data               mc_w.l(mvars.o)
    0x2000006c   0x00000003   Data   RW          757    .data               mc_w.l(fgetc_b.o)


    Execution Region ER_ZI (Base: 0x20000070, Size: 0x00000aa8, Max: 0xffffffff, ABSOLUTE)

    Base Addr    Size         Type   Attr      Idx    E Section Name        Object

    0x20000070   0x000008a8   Zero   RW            4    .bss                main.o
    0x20000918   0x00000000   Zero   RW          375    HEAP                startup_tm4c123.o
    0x20000918   0x00000200   Zero   RW          374    STACK               startup_tm4c123.o


==============================================================================

Image component sizes


      Code (inc. data)   RO Data    RW Data    ZI Data      Debug   Object Name

       628         28          0          0          0      28596   adc.o
       552        168          0          0          0       2037   eeprom.o
         0          0       3101          0          0        672   fonts.o
       560         34          0          0          0       4236   gpio_port.o
       520         24          0          0          0       3473   i2c.o
       664        108          0         40          0       3088   interrupts.o
       812         22          0          0          0       2662   lcd.o
      3436        464         59         37       2216      72724   main.o
       118          0          0          0          0       1843   pc_buffer.o
       408         24          0          0          0       1777   spi.o
       252         10        620          0        512       5424   startup_tm4c123.o
       588        134          0          4          0       1513   system_tm4c123.o
       712         50          0          0          0      29138   timers.o
       400         36          0          0          0      28259   uart_irqs.o
      1608        196          0          0          0       6894   wireless.o

    ----------------------------------------------------------------------
     11260       1298       3813         84       2728     192336   Object Totals
         0          0         32          0          0          0   (incl. Generated)
         2          0          1          3          0          0   (incl. Padding)

    ----------------------------------------------------------------------

      Code (inc. data)   RO Data    RW Data    ZI Data      Debug   Library Member Name

        32          6          0          0          0         84   __0scanf.o
       808          6          0          0          0        112   _scanf.o
       218          0          0          0          0         96   _scanf_str.o
        40          6         64          0          0         68   ctype_c.o
         0          0          0          0          0          0   entry.o
         0          0          0          0          0          0   entry10a.o
         0          0          0          0          0          0   entry11a.o
         8          4          0          0          0          0   entry2.o
         4          0          0          0          0          0   entry5.o
         0          0          0          0          0          0   entry7b.o
         0          0          0          0          0          0   entry8b.o
         8          4          0          0          0          0   entry9a.o
         8          4          0          4          0         68   errno.o
        44          6          0          3          0        144   fgetc_b.o
        30          0          0          0          0          0   handlers.o
        36          8          0          0          0         68   init.o
        10          0          0          0          0         68   isspace_c.o
         0          0          0          0          0          0   iusefp.o
         0          0          0          0          0          0   iusesemig.o
        30          0          0          0          0         68   llshl.o
        36          0          0          0          0         68   llsshr.o
        32          0          0          0          0         68   llushr.o
       108         16          0          0          0         84   malloc.o
        36          0          0          0          0         68   memcpya.o
        36          0          0          0          0        108   memseta.o
         0          0          0          8          0          0   mvars.o
      1146         54          0          0          0        352   printf8.o
      2226         90          0          0          0        444   printfa.o
        36         10          0          4          0        136   rand.o
        40          8          0          0          0         84   scanf_char.o
        20          8          0          0          0         68   scanf_char_file.o
         0          0          0          0          0          0   semi.o
         0          0          0          4          0          0   stdin.o
         0          0          0          4          0          0   stdout.o
        44          0          0          0          0         80   uidiv.o
        98          0          0          0          0         92   uldiv.o
        40          2          0          0          0         68   cdrcmple.o
       334          0          0          0          0        148   dadd.o
       222          0          0          0          0        100   ddiv.o
       182          0          0          0          0        176   depilogue.o
        48          0          0          0          0         68   dfixul.o
       228          0          0          0          0         96   dmul.o

    ----------------------------------------------------------------------
      6192        232         67         28          0       3084   Library Totals
         4          0          3          1          0          0   (incl. Padding)

    ----------------------------------------------------------------------

      Code (inc. data)   RO Data    RW Data    ZI Data      Debug   Library Name

      5134        230         64         27          0       2428   mc_w.l
      1054          2          0          0          0        656   mf_w.l

    ----------------------------------------------------------------------
      6192        232         67         28          0       3084   Library Totals

    ----------------------------------------------------------------------

==============================================================================


      Code (inc. data)   RO Data    RW Data    ZI Data      Debug   

     17452       1530       3880        112       2728     191812   Grand Totals
     17452       1530       3880        112       2728     191812   ELF Image Totals
     17452       1530       3880        112          0          0   ROM Totals

==============================================================================

    Total RO  Size (Code + RO Data)                21332 (  20.83kB)
    Total RW  Size (RW Data + ZI Data)              2840 (   2.77kB)
    Total ROM Size (Code + RO Data + RW Data)      21444 (  20.94kB)

==============================================================================

